Component: ARM Compiler 5.06 update 6 (build 750) Tool: armlink [4d35ed]

==============================================================================

Section Cross References

    blinky.o(.text) refers to uidiv.o(.text) for __aeabi_uidivmod
    blinky.o(.text) refers to blinky.o(.data) for check
    blinky.o(.text) refers to blinky.o(.bss) for RxQ
    led_frdm-kl25z.o(.text) refers to led_frdm-kl25z.o(.constdata) for led_port
    rtx_conf_cm.o(.ARM.Collect$$$$000000FF) refers to rt_cmsis.o(i.osKernelInitialize) for osKernelInitialize
    rtx_conf_cm.o(.ARM.Collect$$$$000000FF) refers to rt_cmsis.o(i.osThreadCreate) for osThreadCreate
    rtx_conf_cm.o(.ARM.Collect$$$$000000FF) refers to rt_cmsis.o(i.osKernelStart) for osKernelStart
    rtx_conf_cm.o(.ARM.Collect$$$$000000FF) refers to rtx_conf_cm.o(.constdata) for .constdata
    rtx_conf_cm.o(.constdata) refers to rt_cmsis.o(i.osTimerThread) for osTimerThread
    rtx_conf_cm.o(.constdata) refers to rtx_conf_cm.o(.bss) for os_messageQ_q_osTimerMessageQ
    rtx_conf_cm.o(.constdata) refers to blinky.o(.text) for main
    startup_mkl25z4.o(RESET) refers to startup_mkl25z4.o(STACK) for __initial_sp
    startup_mkl25z4.o(RESET) refers to startup_mkl25z4.o(.text) for Reset_Handler
    startup_mkl25z4.o(RESET) refers to hal_cm0.o(.emb_text) for SVC_Handler
    startup_mkl25z4.o(RESET) refers to blinky.o(.text) for UART2_IRQHandler
    startup_mkl25z4.o(.text) refers to system_mkl25z4.o(.text) for SystemInit
    startup_mkl25z4.o(.text) refers to entry.o(.ARM.Collect$$$$00000000) for __main
    system_mkl25z4.o(.text) refers to uidiv.o(.text) for __aeabi_uidivmod
    system_mkl25z4.o(.text) refers to system_mkl25z4.o(i.__ARM_common_switch8) for __ARM_common_switch8
    system_mkl25z4.o(.text) refers to system_mkl25z4.o(.data) for SystemCoreClock
    rt_cmsis.o(i.isrMessageGet) refers to rt_mailbox.o(i.isr_mbx_receive) for isr_mbx_receive
    rt_cmsis.o(i.isrMessagePut) refers to rt_mailbox.o(i.rt_mbx_check) for rt_mbx_check
    rt_cmsis.o(i.isrMessagePut) refers to rt_mailbox.o(i.isr_mbx_send) for isr_mbx_send
    rt_cmsis.o(i.isrSemaphoreRelease) refers to rt_cmsis.o(i.rt_id2obj) for rt_id2obj
    rt_cmsis.o(i.isrSemaphoreRelease) refers to rt_semaphore.o(i.isr_sem_send) for isr_sem_send
    rt_cmsis.o(i.isrSignalSet) refers to rt_cmsis.o(i.rt_tid2ptcb) for rt_tid2ptcb
    rt_cmsis.o(i.isrSignalSet) refers to rt_event.o(i.isr_evt_set) for isr_evt_set
    rt_cmsis.o(i.osDelay) refers to rt_cmsis.o(i.svcDelay) for svcDelay
    rt_cmsis.o(i.osKernelInitialize) refers to rt_cmsis.o(i.svcKernelInitialize) for svcKernelInitialize
    rt_cmsis.o(i.osKernelRunning) refers to rt_cmsis.o(i.svcKernelRunning) for svcKernelRunning
    rt_cmsis.o(i.osKernelRunning) refers to rt_cmsis.o(.data) for .data
    rt_cmsis.o(i.osKernelStart) refers to rtx_conf_cm.o(.constdata) for os_flags
    rt_cmsis.o(i.osKernelStart) refers to rt_cmsis.o(i.svcKernelStart) for svcKernelStart
    rt_cmsis.o(i.osKernelSysTick) refers to rt_cmsis.o(i.svcKernelSysTick) for svcKernelSysTick
    rt_cmsis.o(i.osMailAlloc) refers to rt_cmsis.o(i.sysMailAlloc) for sysMailAlloc
    rt_cmsis.o(i.osMailCAlloc) refers to rt_cmsis.o(i.sysMailAlloc) for sysMailAlloc
    rt_cmsis.o(i.osMailCAlloc) refers to rt_cmsis.o(i.rt_clr_box) for rt_clr_box
    rt_cmsis.o(i.osMailCreate) refers to rt_cmsis.o(i.svcMailCreate) for svcMailCreate
    rt_cmsis.o(i.osMailCreate) refers to rt_cmsis.o(.data) for .data
    rt_cmsis.o(i.osMailFree) refers to rt_cmsis.o(i.sysMailFree) for sysMailFree
    rt_cmsis.o(i.osMailGet) refers to rt_cmsis.o(i.osMessageGet) for osMessageGet
    rt_cmsis.o(i.osMailPut) refers to rt_cmsis.o(i.osMessagePut) for osMessagePut
    rt_cmsis.o(i.osMessageCreate) refers to rt_cmsis.o(i.svcMessageCreate) for svcMessageCreate
    rt_cmsis.o(i.osMessageCreate) refers to rt_cmsis.o(.data) for .data
    rt_cmsis.o(i.osMessageGet) refers to rt_cmsis.o(i.isrMessageGet) for isrMessageGet
    rt_cmsis.o(i.osMessageGet) refers to rt_cmsis.o(i.svcMessageGet) for svcMessageGet
    rt_cmsis.o(i.osMessagePut) refers to rt_cmsis.o(i.isrMessagePut) for isrMessagePut
    rt_cmsis.o(i.osMessagePut) refers to rt_cmsis.o(i.svcMessagePut) for svcMessagePut
    rt_cmsis.o(i.osMutexCreate) refers to rt_cmsis.o(i.svcMutexCreate) for svcMutexCreate
    rt_cmsis.o(i.osMutexCreate) refers to rt_cmsis.o(.data) for .data
    rt_cmsis.o(i.osMutexDelete) refers to rt_cmsis.o(i.svcMutexDelete) for svcMutexDelete
    rt_cmsis.o(i.osMutexRelease) refers to rt_cmsis.o(i.svcMutexRelease) for svcMutexRelease
    rt_cmsis.o(i.osMutexWait) refers to rt_cmsis.o(i.svcMutexWait) for svcMutexWait
    rt_cmsis.o(i.osPoolAlloc) refers to rt_cmsis.o(i.sysPoolAlloc) for sysPoolAlloc
    rt_cmsis.o(i.osPoolCAlloc) refers to rt_cmsis.o(i.rt_clr_box) for rt_clr_box
    rt_cmsis.o(i.osPoolCAlloc) refers to rt_cmsis.o(i.sysPoolAlloc) for sysPoolAlloc
    rt_cmsis.o(i.osPoolCreate) refers to rt_cmsis.o(i.svcPoolCreate) for svcPoolCreate
    rt_cmsis.o(i.osPoolCreate) refers to rt_cmsis.o(.data) for .data
    rt_cmsis.o(i.osPoolFree) refers to rt_cmsis.o(i.sysPoolFree) for sysPoolFree
    rt_cmsis.o(i.osSemaphoreCreate) refers to rt_cmsis.o(i.svcSemaphoreCreate) for svcSemaphoreCreate
    rt_cmsis.o(i.osSemaphoreCreate) refers to rt_cmsis.o(.data) for .data
    rt_cmsis.o(i.osSemaphoreDelete) refers to rt_cmsis.o(i.svcSemaphoreDelete) for svcSemaphoreDelete
    rt_cmsis.o(i.osSemaphoreRelease) refers to rt_cmsis.o(i.isrSemaphoreRelease) for isrSemaphoreRelease
    rt_cmsis.o(i.osSemaphoreRelease) refers to rt_cmsis.o(i.svcSemaphoreRelease) for svcSemaphoreRelease
    rt_cmsis.o(i.osSemaphoreWait) refers to rt_cmsis.o(i.svcSemaphoreWait) for svcSemaphoreWait
    rt_cmsis.o(i.osSignalClear) refers to rt_cmsis.o(i.svcSignalClear) for svcSignalClear
    rt_cmsis.o(i.osSignalSet) refers to rt_cmsis.o(i.isrSignalSet) for isrSignalSet
    rt_cmsis.o(i.osSignalSet) refers to rt_cmsis.o(i.svcSignalSet) for svcSignalSet
    rt_cmsis.o(i.osSignalWait) refers to rt_cmsis.o(i.svcSignalWait) for svcSignalWait
    rt_cmsis.o(i.osThreadCreate) refers to rt_cmsis.o(i.svcThreadCreate) for svcThreadCreate
    rt_cmsis.o(i.osThreadCreate) refers to rt_cmsis.o(.data) for .data
    rt_cmsis.o(i.osThreadExit) refers to rt_cmsis.o(i.svcThreadGetId) for svcThreadGetId
    rt_cmsis.o(i.osThreadExit) refers to rt_cmsis.o(i.svcThreadTerminate) for svcThreadTerminate
    rt_cmsis.o(i.osThreadGetId) refers to rt_cmsis.o(i.svcThreadGetId) for svcThreadGetId
    rt_cmsis.o(i.osThreadGetPriority) refers to rt_cmsis.o(i.svcThreadGetPriority) for svcThreadGetPriority
    rt_cmsis.o(i.osThreadSetPriority) refers to rt_cmsis.o(i.svcThreadSetPriority) for svcThreadSetPriority
    rt_cmsis.o(i.osThreadTerminate) refers to rt_cmsis.o(i.svcThreadTerminate) for svcThreadTerminate
    rt_cmsis.o(i.osThreadYield) refers to rt_cmsis.o(i.svcThreadYield) for svcThreadYield
    rt_cmsis.o(i.osTimerCall) refers to rt_cmsis.o(i.svcTimerCall) for svcTimerCall
    rt_cmsis.o(i.osTimerCreate) refers to rt_cmsis.o(i.svcTimerCreate) for svcTimerCreate
    rt_cmsis.o(i.osTimerCreate) refers to rt_cmsis.o(.data) for .data
    rt_cmsis.o(i.osTimerDelete) refers to rt_cmsis.o(i.svcTimerDelete) for svcTimerDelete
    rt_cmsis.o(i.osTimerStart) refers to rt_cmsis.o(i.svcTimerStart) for svcTimerStart
    rt_cmsis.o(i.osTimerStop) refers to rt_cmsis.o(i.svcTimerStop) for svcTimerStop
    rt_cmsis.o(i.osTimerThread) refers to rt_cmsis.o(i.osMessageGet) for osMessageGet
    rt_cmsis.o(i.osTimerThread) refers to rt_cmsis.o(i.osTimerCall) for osTimerCall
    rt_cmsis.o(i.osTimerThread) refers to rtx_conf_cm.o(.data) for osMessageQId_osTimerMessageQ
    rt_cmsis.o(i.os_resume) refers to rt_system.o(i.rt_resume) for rt_resume
    rt_cmsis.o(i.os_suspend) refers to rt_system.o(i.rt_suspend) for rt_suspend
    rt_cmsis.o(i.rt_ms2tick) refers to uidiv.o(.text) for __aeabi_uidivmod
    rt_cmsis.o(i.rt_ms2tick) refers to rtx_conf_cm.o(.constdata) for os_clockrate
    rt_cmsis.o(i.rt_timer_insert) refers to rt_cmsis.o(.data) for .data
    rt_cmsis.o(i.rt_timer_remove) refers to rt_cmsis.o(.data) for .data
    rt_cmsis.o(i.svcDelay) refers to rt_cmsis.o(i.rt_ms2tick) for rt_ms2tick
    rt_cmsis.o(i.svcDelay) refers to rt_time.o(i.rt_dly_wait) for rt_dly_wait
    rt_cmsis.o(i.svcKernelInitialize) refers to rt_memory.o(i.rt_init_mem) for rt_init_mem
    rt_cmsis.o(i.svcKernelInitialize) refers to rt_task.o(i.rt_sys_init) for rt_sys_init
    rt_cmsis.o(i.svcKernelInitialize) refers to rt_cmsis.o(i.svcMessageCreate) for svcMessageCreate
    rt_cmsis.o(i.svcKernelInitialize) refers to rt_cmsis.o(i.svcThreadCreate) for svcThreadCreate
    rt_cmsis.o(i.svcKernelInitialize) refers to rt_cmsis.o(.data) for .data
    rt_cmsis.o(i.svcKernelInitialize) refers to rtx_conf_cm.o(.bss) for os_stack_mem
    rt_cmsis.o(i.svcKernelInitialize) refers to rtx_conf_cm.o(.constdata) for os_stack_sz
    rt_cmsis.o(i.svcKernelInitialize) refers to rt_task.o(.data) for os_tsk
    rt_cmsis.o(i.svcKernelInitialize) refers to rtx_conf_cm.o(.data) for osMessageQId_osTimerMessageQ
    rt_cmsis.o(i.svcKernelRunning) refers to rt_cmsis.o(.data) for .data
    rt_cmsis.o(i.svcKernelStart) refers to rt_task.o(i.rt_tsk_prio) for rt_tsk_prio
    rt_cmsis.o(i.svcKernelStart) refers to rt_task.o(i.rt_sys_start) for rt_sys_start
    rt_cmsis.o(i.svcKernelStart) refers to rt_cmsis.o(.data) for .data
    rt_cmsis.o(i.svcKernelStart) refers to rt_task.o(.data) for os_tsk
    rt_cmsis.o(i.svcKernelSysTick) refers to rt_system.o(i.os_tick_val) for os_tick_val
    rt_cmsis.o(i.svcKernelSysTick) refers to rt_system.o(i.os_tick_ovf) for os_tick_ovf
    rt_cmsis.o(i.svcKernelSysTick) refers to rtx_conf_cm.o(.constdata) for os_trv
    rt_cmsis.o(i.svcKernelSysTick) refers to rt_time.o(.data) for os_time
    rt_cmsis.o(i.svcMailCreate) refers to rt_membox.o(i._init_box) for _init_box
    rt_cmsis.o(i.svcMailCreate) refers to rt_mailbox.o(i.rt_mbx_init) for rt_mbx_init
    rt_cmsis.o(i.svcMessageCreate) refers to rt_mailbox.o(i.rt_mbx_init) for rt_mbx_init
    rt_cmsis.o(i.svcMessageGet) refers to rt_cmsis.o(i.rt_ms2tick) for rt_ms2tick
    rt_cmsis.o(i.svcMessageGet) refers to rt_mailbox.o(i.rt_mbx_wait) for rt_mbx_wait
    rt_cmsis.o(i.svcMessagePut) refers to rt_cmsis.o(i.rt_ms2tick) for rt_ms2tick
    rt_cmsis.o(i.svcMessagePut) refers to rt_mailbox.o(i.rt_mbx_send) for rt_mbx_send
    rt_cmsis.o(i.svcMutexCreate) refers to rt_mutex.o(i.rt_mut_init) for rt_mut_init
    rt_cmsis.o(i.svcMutexDelete) refers to rt_cmsis.o(i.rt_id2obj) for rt_id2obj
    rt_cmsis.o(i.svcMutexDelete) refers to rt_mutex.o(i.rt_mut_delete) for rt_mut_delete
    rt_cmsis.o(i.svcMutexRelease) refers to rt_cmsis.o(i.rt_id2obj) for rt_id2obj
    rt_cmsis.o(i.svcMutexRelease) refers to rt_mutex.o(i.rt_mut_release) for rt_mut_release
    rt_cmsis.o(i.svcMutexWait) refers to rt_cmsis.o(i.rt_id2obj) for rt_id2obj
    rt_cmsis.o(i.svcMutexWait) refers to rt_cmsis.o(i.rt_ms2tick) for rt_ms2tick
    rt_cmsis.o(i.svcMutexWait) refers to rt_mutex.o(i.rt_mut_wait) for rt_mut_wait
    rt_cmsis.o(i.svcPoolCreate) refers to rt_membox.o(i._init_box) for _init_box
    rt_cmsis.o(i.svcSemaphoreCreate) refers to rt_semaphore.o(i.rt_sem_init) for rt_sem_init
    rt_cmsis.o(i.svcSemaphoreDelete) refers to rt_cmsis.o(i.rt_id2obj) for rt_id2obj
    rt_cmsis.o(i.svcSemaphoreDelete) refers to rt_semaphore.o(i.rt_sem_delete) for rt_sem_delete
    rt_cmsis.o(i.svcSemaphoreRelease) refers to rt_cmsis.o(i.rt_id2obj) for rt_id2obj
    rt_cmsis.o(i.svcSemaphoreRelease) refers to rt_semaphore.o(i.rt_sem_send) for rt_sem_send
    rt_cmsis.o(i.svcSemaphoreWait) refers to rt_cmsis.o(i.rt_id2obj) for rt_id2obj
    rt_cmsis.o(i.svcSemaphoreWait) refers to rt_cmsis.o(i.rt_ms2tick) for rt_ms2tick
    rt_cmsis.o(i.svcSemaphoreWait) refers to rt_semaphore.o(i.rt_sem_wait) for rt_sem_wait
    rt_cmsis.o(i.svcSignalClear) refers to rt_cmsis.o(i.rt_tid2ptcb) for rt_tid2ptcb
    rt_cmsis.o(i.svcSignalClear) refers to rt_event.o(i.rt_evt_clr) for rt_evt_clr
    rt_cmsis.o(i.svcSignalSet) refers to rt_cmsis.o(i.rt_tid2ptcb) for rt_tid2ptcb
    rt_cmsis.o(i.svcSignalSet) refers to rt_event.o(i.rt_evt_set) for rt_evt_set
    rt_cmsis.o(i.svcSignalWait) refers to rt_cmsis.o(i.rt_ms2tick) for rt_ms2tick
    rt_cmsis.o(i.svcSignalWait) refers to rt_event.o(i.rt_evt_wait) for rt_evt_wait
    rt_cmsis.o(i.svcSignalWait) refers to rt_task.o(.data) for os_tsk
    rt_cmsis.o(i.svcThreadCreate) refers to rt_memory.o(i.rt_alloc_mem) for rt_alloc_mem
    rt_cmsis.o(i.svcThreadCreate) refers to rt_task.o(i.rt_tsk_create) for rt_tsk_create
    rt_cmsis.o(i.svcThreadCreate) refers to rt_memory.o(i.rt_free_mem) for rt_free_mem
    rt_cmsis.o(i.svcThreadCreate) refers to rtx_conf_cm.o(.bss) for os_stack_mem
    rt_cmsis.o(i.svcThreadCreate) refers to rt_cmsis.o(i.osThreadExit) for osThreadExit
    rt_cmsis.o(i.svcThreadGetId) refers to rt_task.o(i.rt_tsk_self) for rt_tsk_self
    rt_cmsis.o(i.svcThreadGetId) refers to rtx_conf_cm.o(.bss) for os_active_TCB
    rt_cmsis.o(i.svcThreadGetPriority) refers to rt_cmsis.o(i.rt_tid2ptcb) for rt_tid2ptcb
    rt_cmsis.o(i.svcThreadSetPriority) refers to rt_cmsis.o(i.rt_tid2ptcb) for rt_tid2ptcb
    rt_cmsis.o(i.svcThreadSetPriority) refers to rt_task.o(i.rt_tsk_prio) for rt_tsk_prio
    rt_cmsis.o(i.svcThreadTerminate) refers to rt_cmsis.o(i.rt_tid2ptcb) for rt_tid2ptcb
    rt_cmsis.o(i.svcThreadTerminate) refers to rt_task.o(i.rt_tsk_delete) for rt_tsk_delete
    rt_cmsis.o(i.svcThreadTerminate) refers to rt_memory.o(i.rt_free_mem) for rt_free_mem
    rt_cmsis.o(i.svcThreadTerminate) refers to rtx_conf_cm.o(.bss) for os_stack_mem
    rt_cmsis.o(i.svcThreadYield) refers to rt_task.o(i.rt_tsk_pass) for rt_tsk_pass
    rt_cmsis.o(i.svcTimerCall) refers to rt_cmsis.o(i.rt_id2obj) for rt_id2obj
    rt_cmsis.o(i.svcTimerCreate) refers to rtx_conf_cm.o(.data) for osThreadId_osTimerThread
    rt_cmsis.o(i.svcTimerDelete) refers to rt_cmsis.o(i.rt_id2obj) for rt_id2obj
    rt_cmsis.o(i.svcTimerDelete) refers to rt_cmsis.o(i.rt_timer_remove) for rt_timer_remove
    rt_cmsis.o(i.svcTimerStart) refers to rt_cmsis.o(i.rt_id2obj) for rt_id2obj
    rt_cmsis.o(i.svcTimerStart) refers to rt_cmsis.o(i.__ARM_common_ll_muluu) for __ARM_common_ll_muluu
    rt_cmsis.o(i.svcTimerStart) refers to uldiv.o(.text) for __aeabi_uldivmod
    rt_cmsis.o(i.svcTimerStart) refers to rt_cmsis.o(i.rt_timer_remove) for rt_timer_remove
    rt_cmsis.o(i.svcTimerStart) refers to rt_cmsis.o(i.rt_timer_insert) for rt_timer_insert
    rt_cmsis.o(i.svcTimerStart) refers to rtx_conf_cm.o(.constdata) for os_clockrate
    rt_cmsis.o(i.svcTimerStop) refers to rt_cmsis.o(i.rt_id2obj) for rt_id2obj
    rt_cmsis.o(i.svcTimerStop) refers to rt_cmsis.o(i.rt_timer_remove) for rt_timer_remove
    rt_cmsis.o(i.sysMailAlloc) refers to rt_membox.o(i.rt_alloc_box) for rt_alloc_box
    rt_cmsis.o(i.sysMailAlloc) refers to rt_list.o(i.rt_put_prio) for rt_put_prio
    rt_cmsis.o(i.sysMailAlloc) refers to rt_cmsis.o(i.rt_ms2tick) for rt_ms2tick
    rt_cmsis.o(i.sysMailAlloc) refers to rt_task.o(i.rt_block) for rt_block
    rt_cmsis.o(i.sysMailAlloc) refers to rt_task.o(.data) for os_tsk
    rt_cmsis.o(i.sysMailFree) refers to rt_membox.o(i.rt_free_box) for rt_free_box
    rt_cmsis.o(i.sysMailFree) refers to rt_list.o(i.rt_psq_enq) for rt_psq_enq
    rt_cmsis.o(i.sysMailFree) refers to rt_system.o(i.rt_psh_req) for rt_psh_req
    rt_cmsis.o(i.sysMailFree) refers to rt_membox.o(i.rt_alloc_box) for rt_alloc_box
    rt_cmsis.o(i.sysMailFree) refers to rt_list.o(i.rt_get_first) for rt_get_first
    rt_cmsis.o(i.sysMailFree) refers to hal_cm.o(i.rt_ret_val) for rt_ret_val
    rt_cmsis.o(i.sysMailFree) refers to rt_list.o(i.rt_rmv_dly) for rt_rmv_dly
    rt_cmsis.o(i.sysMailFree) refers to rt_task.o(i.rt_dispatch) for rt_dispatch
    rt_cmsis.o(i.sysPoolAlloc) refers to rt_membox.o(i.rt_alloc_box) for rt_alloc_box
    rt_cmsis.o(i.sysPoolFree) refers to rt_membox.o(i.rt_free_box) for rt_free_box
    rt_cmsis.o(i.sysTimerTick) refers to rt_cmsis.o(i.isrMessagePut) for isrMessagePut
    rt_cmsis.o(i.sysTimerTick) refers to rtx_conf_cm.o(.text) for os_error
    rt_cmsis.o(i.sysTimerTick) refers to rt_cmsis.o(i.rt_timer_insert) for rt_timer_insert
    rt_cmsis.o(i.sysTimerTick) refers to rt_cmsis.o(.data) for .data
    rt_cmsis.o(i.sysTimerTick) refers to rtx_conf_cm.o(.data) for osMessageQId_osTimerMessageQ
    rt_cmsis.o(i.sysUserTimerUpdate) refers to rt_cmsis.o(i.sysTimerTick) for sysTimerTick
    rt_cmsis.o(i.sysUserTimerUpdate) refers to rt_cmsis.o(.data) for .data
    rt_cmsis.o(i.sysUserTimerWakeupTime) refers to rt_cmsis.o(.data) for .data
    rt_task.o(i.rt_block) refers to rt_list.o(i.rt_put_dly) for rt_put_dly
    rt_task.o(i.rt_block) refers to rt_list.o(i.rt_get_first) for rt_get_first
    rt_task.o(i.rt_block) refers to rt_task.o(i.rt_switch_req) for rt_switch_req
    rt_task.o(i.rt_block) refers to rt_task.o(.data) for .data
    rt_task.o(i.rt_block) refers to rt_list.o(.bss) for os_rdy
    rt_task.o(i.rt_dispatch) refers to rt_list.o(i.rt_put_rdy_first) for rt_put_rdy_first
    rt_task.o(i.rt_dispatch) refers to rt_task.o(i.rt_switch_req) for rt_switch_req
    rt_task.o(i.rt_dispatch) refers to rt_list.o(i.rt_get_first) for rt_get_first
    rt_task.o(i.rt_dispatch) refers to rt_list.o(i.rt_put_prio) for rt_put_prio
    rt_task.o(i.rt_dispatch) refers to rt_task.o(.data) for .data
    rt_task.o(i.rt_dispatch) refers to rt_list.o(.bss) for os_rdy
    rt_task.o(i.rt_init_context) refers to rt_membox.o(i.rt_alloc_box) for rt_alloc_box
    rt_task.o(i.rt_init_context) refers to hal_cm.o(i.rt_init_stack) for rt_init_stack
    rt_task.o(i.rt_init_context) refers to rtx_conf_cm.o(.bss) for mp_stk
    rt_task.o(i.rt_switch_req) refers to rt_task.o(.data) for .data
    rt_task.o(i.rt_sys_init) refers to rt_membox.o(i._init_box) for _init_box
    rt_task.o(i.rt_sys_init) refers to rt_task.o(i.rt_init_context) for rt_init_context
    rt_task.o(i.rt_sys_init) refers to rt_robin.o(i.rt_init_robin) for rt_init_robin
    rt_task.o(i.rt_sys_init) refers to rtx_conf_cm.o(.bss) for os_active_TCB
    rt_task.o(i.rt_sys_init) refers to rtx_conf_cm.o(.constdata) for os_maxtaskrun
    rt_task.o(i.rt_sys_init) refers to rtx_conf_cm.o(.data) for m_tmr
    rt_task.o(i.rt_sys_init) refers to rt_task.o(.bss) for .bss
    rt_task.o(i.rt_sys_init) refers to rtx_conf_cm.o(.text) for os_idle_demon
    rt_task.o(i.rt_sys_init) refers to rt_list.o(.bss) for os_rdy
    rt_task.o(i.rt_sys_init) refers to rt_task.o(.data) for .data
    rt_task.o(i.rt_sys_start) refers to rt_system.o(i.os_tick_init) for os_tick_init
    rt_task.o(i.rt_sys_start) refers to rt_system.o(.data) for os_tick_irqn
    rt_task.o(i.rt_tsk_create) refers to rt_membox.o(i.rt_alloc_box) for rt_alloc_box
    rt_task.o(i.rt_tsk_create) refers to rt_task.o(i.rt_init_context) for rt_init_context
    rt_task.o(i.rt_tsk_create) refers to rt_task.o(i.rt_dispatch) for rt_dispatch
    rt_task.o(i.rt_tsk_create) refers to rtx_conf_cm.o(.bss) for mp_tcb
    rt_task.o(i.rt_tsk_create) refers to rtx_conf_cm.o(.constdata) for os_maxtaskrun
    rt_task.o(i.rt_tsk_delete) refers to hal_cm0.o(.emb_text) for rt_get_PSP
    rt_task.o(i.rt_tsk_delete) refers to rt_system.o(i.rt_stk_check) for rt_stk_check
    rt_task.o(i.rt_tsk_delete) refers to rt_list.o(i.rt_get_first) for rt_get_first
    rt_task.o(i.rt_tsk_delete) refers to hal_cm.o(i.rt_ret_val) for rt_ret_val
    rt_task.o(i.rt_tsk_delete) refers to rt_list.o(i.rt_rmv_dly) for rt_rmv_dly
    rt_task.o(i.rt_tsk_delete) refers to rt_list.o(i.rt_put_prio) for rt_put_prio
    rt_task.o(i.rt_tsk_delete) refers to rt_membox.o(i.rt_free_box) for rt_free_box
    rt_task.o(i.rt_tsk_delete) refers to rt_list.o(i.rt_rmv_list) for rt_rmv_list
    rt_task.o(i.rt_tsk_delete) refers to rt_task.o(i.rt_dispatch) for rt_dispatch
    rt_task.o(i.rt_tsk_delete) refers to rt_task.o(.data) for .data
    rt_task.o(i.rt_tsk_delete) refers to rt_list.o(.bss) for os_rdy
    rt_task.o(i.rt_tsk_delete) refers to rtx_conf_cm.o(.bss) for os_active_TCB
    rt_task.o(i.rt_tsk_delete) refers to rtx_conf_cm.o(.constdata) for os_maxtaskrun
    rt_task.o(i.rt_tsk_pass) refers to rt_list.o(i.rt_get_same_rdy_prio) for rt_get_same_rdy_prio
    rt_task.o(i.rt_tsk_pass) refers to rt_list.o(i.rt_put_prio) for rt_put_prio
    rt_task.o(i.rt_tsk_pass) refers to rt_task.o(i.rt_switch_req) for rt_switch_req
    rt_task.o(i.rt_tsk_pass) refers to rt_task.o(.data) for .data
    rt_task.o(i.rt_tsk_pass) refers to rt_list.o(.bss) for os_rdy
    rt_task.o(i.rt_tsk_prio) refers to rt_list.o(i.rt_put_prio) for rt_put_prio
    rt_task.o(i.rt_tsk_prio) refers to rt_list.o(i.rt_resort_prio) for rt_resort_prio
    rt_task.o(i.rt_tsk_prio) refers to rt_list.o(i.rt_get_first) for rt_get_first
    rt_task.o(i.rt_tsk_prio) refers to rt_task.o(i.rt_dispatch) for rt_dispatch
    rt_task.o(i.rt_tsk_prio) refers to rt_task.o(.data) for .data
    rt_task.o(i.rt_tsk_prio) refers to rtx_conf_cm.o(.constdata) for os_maxtaskrun
    rt_task.o(i.rt_tsk_prio) refers to rtx_conf_cm.o(.bss) for os_active_TCB
    rt_task.o(i.rt_tsk_prio) refers to rt_list.o(.bss) for os_rdy
    rt_task.o(i.rt_tsk_self) refers to rt_task.o(.data) for .data
    rt_system.o(i.os_tick_init) refers to rtx_conf_cm.o(.constdata) for os_trv
    rt_system.o(i.os_tick_val) refers to rtx_conf_cm.o(.constdata) for os_trv
    rt_system.o(i.rt_pop_req) refers to rt_list.o(i.rt_put_rdy_first) for rt_put_rdy_first
    rt_system.o(i.rt_pop_req) refers to rt_semaphore.o(i.rt_sem_psh) for rt_sem_psh
    rt_system.o(i.rt_pop_req) refers to rt_list.o(i.rt_get_first) for rt_get_first
    rt_system.o(i.rt_pop_req) refers to rt_task.o(i.rt_switch_req) for rt_switch_req
    rt_system.o(i.rt_pop_req) refers to rt_event.o(i.rt_evt_psh) for rt_evt_psh
    rt_system.o(i.rt_pop_req) refers to rt_mailbox.o(i.rt_mbx_psh) for rt_mbx_psh
    rt_system.o(i.rt_pop_req) refers to rt_task.o(.data) for os_tsk
    rt_system.o(i.rt_pop_req) refers to rtx_conf_cm.o(.bss) for os_fifo
    rt_system.o(i.rt_pop_req) refers to rt_list.o(.bss) for os_rdy
    rt_system.o(i.rt_psh_req) refers to rt_system.o(.data) for .data
    rt_system.o(i.rt_resume) refers to rt_list.o(i.rt_put_rdy_first) for rt_put_rdy_first
    rt_system.o(i.rt_resume) refers to rt_list.o(i.rt_dec_dly) for rt_dec_dly
    rt_system.o(i.rt_resume) refers to rt_cmsis.o(i.sysUserTimerUpdate) for sysUserTimerUpdate
    rt_system.o(i.rt_resume) refers to rt_list.o(i.rt_get_first) for rt_get_first
    rt_system.o(i.rt_resume) refers to rt_task.o(i.rt_switch_req) for rt_switch_req
    rt_system.o(i.rt_resume) refers to rt_system.o(i.rt_tsk_unlock) for rt_tsk_unlock
    rt_system.o(i.rt_resume) refers to rt_task.o(.data) for os_tsk
    rt_system.o(i.rt_resume) refers to rt_robin.o(.data) for os_robin
    rt_system.o(i.rt_resume) refers to rt_list.o(.bss) for os_dly
    rt_system.o(i.rt_resume) refers to rt_time.o(.data) for os_time
    rt_system.o(i.rt_stk_check) refers to rtx_conf_cm.o(.text) for os_error
    rt_system.o(i.rt_stk_check) refers to rt_task.o(.data) for os_tsk
    rt_system.o(i.rt_suspend) refers to rt_system.o(i.rt_tsk_lock) for rt_tsk_lock
    rt_system.o(i.rt_suspend) refers to rt_cmsis.o(i.sysUserTimerWakeupTime) for sysUserTimerWakeupTime
    rt_system.o(i.rt_suspend) refers to rt_list.o(.bss) for os_dly
    rt_system.o(i.rt_systick) refers to rt_list.o(i.rt_put_rdy_first) for rt_put_rdy_first
    rt_system.o(i.rt_systick) refers to rt_robin.o(i.rt_chk_robin) for rt_chk_robin
    rt_system.o(i.rt_systick) refers to rt_list.o(i.rt_dec_dly) for rt_dec_dly
    rt_system.o(i.rt_systick) refers to rt_cmsis.o(i.sysTimerTick) for sysTimerTick
    rt_system.o(i.rt_systick) refers to rt_list.o(i.rt_get_first) for rt_get_first
    rt_system.o(i.rt_systick) refers to rt_task.o(i.rt_switch_req) for rt_switch_req
    rt_system.o(i.rt_systick) refers to rt_task.o(.data) for os_tsk
    rt_system.o(i.rt_systick) refers to rt_time.o(.data) for os_time
    rt_system.o(i.rt_systick) refers to rt_list.o(.bss) for os_rdy
    rt_system.o(i.rt_tsk_lock) refers to rt_system.o(.data) for .data
    rt_system.o(i.rt_tsk_unlock) refers to rt_system.o(.data) for .data
    rt_event.o(i.isr_evt_set) refers to rt_list.o(i.rt_psq_enq) for rt_psq_enq
    rt_event.o(i.isr_evt_set) refers to rt_system.o(i.rt_psh_req) for rt_psh_req
    rt_event.o(i.isr_evt_set) refers to rtx_conf_cm.o(.bss) for os_active_TCB
    rt_event.o(i.rt_evt_clr) refers to rtx_conf_cm.o(.bss) for os_active_TCB
    rt_event.o(i.rt_evt_get) refers to rt_task.o(.data) for os_tsk
    rt_event.o(i.rt_evt_psh) refers to rt_list.o(i.rt_rmv_dly) for rt_rmv_dly
    rt_event.o(i.rt_evt_psh) refers to hal_cm.o(i.rt_ret_val2) for rt_ret_val2
    rt_event.o(i.rt_evt_psh) refers to rt_list.o(i.rt_put_prio) for rt_put_prio
    rt_event.o(i.rt_evt_psh) refers to rt_list.o(.bss) for os_rdy
    rt_event.o(i.rt_evt_set) refers to rt_list.o(i.rt_rmv_dly) for rt_rmv_dly
    rt_event.o(i.rt_evt_set) refers to hal_cm.o(i.rt_ret_val2) for rt_ret_val2
    rt_event.o(i.rt_evt_set) refers to rt_task.o(i.rt_dispatch) for rt_dispatch
    rt_event.o(i.rt_evt_set) refers to rtx_conf_cm.o(.bss) for os_active_TCB
    rt_event.o(i.rt_evt_wait) refers to rt_task.o(i.rt_block) for rt_block
    rt_event.o(i.rt_evt_wait) refers to rt_task.o(.data) for os_tsk
    rt_list.o(i.rt_dec_dly) refers to rt_list.o(i.rt_put_prio) for rt_put_prio
    rt_list.o(i.rt_dec_dly) refers to rt_list.o(.bss) for .bss
    rt_list.o(i.rt_dec_dly) refers to rt_time.o(.data) for os_time
    rt_list.o(i.rt_get_same_rdy_prio) refers to rt_list.o(.bss) for .bss
    rt_list.o(i.rt_get_same_rdy_prio) refers to rt_task.o(.data) for os_tsk
    rt_list.o(i.rt_psq_enq) refers to rtx_conf_cm.o(.text) for os_error
    rt_list.o(i.rt_psq_enq) refers to rtx_conf_cm.o(.bss) for os_fifo
    rt_list.o(i.rt_put_dly) refers to rt_list.o(.bss) for .bss
    rt_list.o(i.rt_put_rdy_first) refers to rt_list.o(.bss) for .bss
    rt_list.o(i.rt_resort_prio) refers to rt_list.o(i.rt_rmv_list) for rt_rmv_list
    rt_list.o(i.rt_resort_prio) refers to rt_list.o(i.rt_put_prio) for rt_put_prio
    rt_list.o(i.rt_resort_prio) refers to rt_list.o(.bss) for .bss
    rt_list.o(i.rt_rmv_list) refers to rt_list.o(.bss) for .bss
    rt_mailbox.o(i.isr_mbx_receive) refers to rt_list.o(i.rt_psq_enq) for rt_psq_enq
    rt_mailbox.o(i.isr_mbx_receive) refers to rt_system.o(i.rt_psh_req) for rt_psh_req
    rt_mailbox.o(i.isr_mbx_send) refers to rt_list.o(i.rt_psq_enq) for rt_psq_enq
    rt_mailbox.o(i.isr_mbx_send) refers to rt_system.o(i.rt_psh_req) for rt_psh_req
    rt_mailbox.o(i.rt_mbx_psh) refers to rt_membox.o(i.rt_alloc_box) for rt_alloc_box
    rt_mailbox.o(i.rt_mbx_psh) refers to rt_list.o(i.rt_get_first) for rt_get_first
    rt_mailbox.o(i.rt_mbx_psh) refers to hal_cm.o(i.rt_ret_val) for rt_ret_val
    rt_mailbox.o(i.rt_mbx_psh) refers to rt_list.o(i.rt_rmv_dly) for rt_rmv_dly
    rt_mailbox.o(i.rt_mbx_psh) refers to rt_list.o(i.rt_put_prio) for rt_put_prio
    rt_mailbox.o(i.rt_mbx_psh) refers to hal_cm.o(i.rt_ret_val2) for rt_ret_val2
    rt_mailbox.o(i.rt_mbx_psh) refers to rtx_conf_cm.o(.text) for os_error
    rt_mailbox.o(i.rt_mbx_psh) refers to rt_list.o(.bss) for os_rdy
    rt_mailbox.o(i.rt_mbx_send) refers to rt_list.o(i.rt_put_prio) for rt_put_prio
    rt_mailbox.o(i.rt_mbx_send) refers to rt_list.o(i.rt_get_first) for rt_get_first
    rt_mailbox.o(i.rt_mbx_send) refers to hal_cm.o(i.rt_ret_val2) for rt_ret_val2
    rt_mailbox.o(i.rt_mbx_send) refers to rt_list.o(i.rt_rmv_dly) for rt_rmv_dly
    rt_mailbox.o(i.rt_mbx_send) refers to rt_task.o(i.rt_dispatch) for rt_dispatch
    rt_mailbox.o(i.rt_mbx_send) refers to rt_task.o(i.rt_block) for rt_block
    rt_mailbox.o(i.rt_mbx_send) refers to rt_task.o(.data) for os_tsk
    rt_mailbox.o(i.rt_mbx_wait) refers to rt_list.o(i.rt_get_first) for rt_get_first
    rt_mailbox.o(i.rt_mbx_wait) refers to hal_cm.o(i.rt_ret_val) for rt_ret_val
    rt_mailbox.o(i.rt_mbx_wait) refers to rt_list.o(i.rt_rmv_dly) for rt_rmv_dly
    rt_mailbox.o(i.rt_mbx_wait) refers to rt_task.o(i.rt_dispatch) for rt_dispatch
    rt_mailbox.o(i.rt_mbx_wait) refers to rt_list.o(i.rt_put_prio) for rt_put_prio
    rt_mailbox.o(i.rt_mbx_wait) refers to rt_task.o(i.rt_block) for rt_block
    rt_mailbox.o(i.rt_mbx_wait) refers to rt_task.o(.data) for os_tsk
    rt_semaphore.o(i.isr_sem_send) refers to rt_list.o(i.rt_psq_enq) for rt_psq_enq
    rt_semaphore.o(i.isr_sem_send) refers to rt_system.o(i.rt_psh_req) for rt_psh_req
    rt_semaphore.o(i.rt_sem_delete) refers to rt_list.o(i.rt_get_first) for rt_get_first
    rt_semaphore.o(i.rt_sem_delete) refers to hal_cm.o(i.rt_ret_val) for rt_ret_val
    rt_semaphore.o(i.rt_sem_delete) refers to rt_list.o(i.rt_rmv_dly) for rt_rmv_dly
    rt_semaphore.o(i.rt_sem_delete) refers to rt_list.o(i.rt_put_prio) for rt_put_prio
    rt_semaphore.o(i.rt_sem_delete) refers to rt_task.o(i.rt_dispatch) for rt_dispatch
    rt_semaphore.o(i.rt_sem_delete) refers to rt_list.o(.bss) for os_rdy
    rt_semaphore.o(i.rt_sem_delete) refers to rt_task.o(.data) for os_tsk
    rt_semaphore.o(i.rt_sem_psh) refers to rt_list.o(i.rt_get_first) for rt_get_first
    rt_semaphore.o(i.rt_sem_psh) refers to rt_list.o(i.rt_rmv_dly) for rt_rmv_dly
    rt_semaphore.o(i.rt_sem_psh) refers to hal_cm.o(i.rt_ret_val) for rt_ret_val
    rt_semaphore.o(i.rt_sem_psh) refers to rt_list.o(i.rt_put_prio) for rt_put_prio
    rt_semaphore.o(i.rt_sem_psh) refers to rt_list.o(.bss) for os_rdy
    rt_semaphore.o(i.rt_sem_send) refers to rt_list.o(i.rt_get_first) for rt_get_first
    rt_semaphore.o(i.rt_sem_send) refers to hal_cm.o(i.rt_ret_val) for rt_ret_val
    rt_semaphore.o(i.rt_sem_send) refers to rt_list.o(i.rt_rmv_dly) for rt_rmv_dly
    rt_semaphore.o(i.rt_sem_send) refers to rt_task.o(i.rt_dispatch) for rt_dispatch
    rt_semaphore.o(i.rt_sem_wait) refers to rt_list.o(i.rt_put_prio) for rt_put_prio
    rt_semaphore.o(i.rt_sem_wait) refers to rt_task.o(i.rt_block) for rt_block
    rt_semaphore.o(i.rt_sem_wait) refers to rt_task.o(.data) for os_tsk
    rt_time.o(i.rt_dly_wait) refers to rt_task.o(i.rt_block) for rt_block
    rt_time.o(i.rt_itv_set) refers to rt_task.o(.data) for os_tsk
    rt_time.o(i.rt_itv_set) refers to rt_time.o(.data) for .data
    rt_time.o(i.rt_itv_wait) refers to rt_task.o(i.rt_block) for rt_block
    rt_time.o(i.rt_itv_wait) refers to rt_task.o(.data) for os_tsk
    rt_time.o(i.rt_itv_wait) refers to rt_time.o(.data) for .data
    rt_time.o(i.rt_time_get) refers to rt_time.o(.data) for .data
    rt_mutex.o(i.rt_mut_delete) refers to rt_list.o(i.rt_resort_prio) for rt_resort_prio
    rt_mutex.o(i.rt_mut_delete) refers to rt_list.o(i.rt_get_first) for rt_get_first
    rt_mutex.o(i.rt_mut_delete) refers to hal_cm.o(i.rt_ret_val) for rt_ret_val
    rt_mutex.o(i.rt_mut_delete) refers to rt_list.o(i.rt_rmv_dly) for rt_rmv_dly
    rt_mutex.o(i.rt_mut_delete) refers to rt_list.o(i.rt_put_prio) for rt_put_prio
    rt_mutex.o(i.rt_mut_delete) refers to rt_task.o(i.rt_dispatch) for rt_dispatch
    rt_mutex.o(i.rt_mut_delete) refers to rt_task.o(.data) for os_tsk
    rt_mutex.o(i.rt_mut_delete) refers to rt_list.o(.bss) for os_rdy
    rt_mutex.o(i.rt_mut_release) refers to rt_list.o(i.rt_get_first) for rt_get_first
    rt_mutex.o(i.rt_mut_release) refers to hal_cm.o(i.rt_ret_val) for rt_ret_val
    rt_mutex.o(i.rt_mut_release) refers to rt_list.o(i.rt_rmv_dly) for rt_rmv_dly
    rt_mutex.o(i.rt_mut_release) refers to rt_list.o(i.rt_put_prio) for rt_put_prio
    rt_mutex.o(i.rt_mut_release) refers to rt_task.o(i.rt_dispatch) for rt_dispatch
    rt_mutex.o(i.rt_mut_release) refers to rt_task.o(.data) for os_tsk
    rt_mutex.o(i.rt_mut_release) refers to rt_list.o(.bss) for os_rdy
    rt_mutex.o(i.rt_mut_wait) refers to rt_list.o(i.rt_resort_prio) for rt_resort_prio
    rt_mutex.o(i.rt_mut_wait) refers to rt_list.o(i.rt_put_prio) for rt_put_prio
    rt_mutex.o(i.rt_mut_wait) refers to rt_task.o(i.rt_block) for rt_block
    rt_mutex.o(i.rt_mut_wait) refers to rt_task.o(.data) for os_tsk
    rt_membox.o(i._calloc_box) refers to hal_cm0.o(.emb_text) for _alloc_box
    hal_cm.o(i.rt_init_stack) refers to rtx_conf_cm.o(.constdata) for os_stackinfo
    rt_robin.o(i.rt_chk_robin) refers to rt_list.o(i.rt_get_first) for rt_get_first
    rt_robin.o(i.rt_chk_robin) refers to rt_list.o(i.rt_put_prio) for rt_put_prio
    rt_robin.o(i.rt_chk_robin) refers to rt_robin.o(.data) for .data
    rt_robin.o(i.rt_chk_robin) refers to rt_list.o(.bss) for os_rdy
    rt_robin.o(i.rt_chk_robin) refers to rt_time.o(.data) for os_time
    rt_robin.o(i.rt_init_robin) refers to rt_robin.o(.data) for .data
    rt_robin.o(i.rt_init_robin) refers to rtx_conf_cm.o(.constdata) for os_rrobin
    hal_cm0.o(.emb_text) refers to rtx_conf_cm.o(.constdata) for os_flags
    hal_cm0.o(.emb_text) refers to rt_membox.o(i.rt_alloc_box) for rt_alloc_box
    hal_cm0.o(.emb_text) refers to rt_membox.o(i.rt_free_box) for rt_free_box
    hal_cm0.o(.emb_text) refers to rt_system.o(i.rt_stk_check) for rt_stk_check
    hal_cm0.o(.emb_text) refers to rt_task.o(.data) for os_tsk
    hal_cm0.o(.emb_text) refers to svc_table.o(SVC_TABLE) for SVC_Count
    hal_cm0.o(.emb_text) refers to rt_system.o(i.rt_pop_req) for rt_pop_req
    hal_cm0.o(.emb_text) refers to rt_system.o(i.rt_systick) for rt_systick
    hal_cm0.o(.emb_text) refers to rt_system.o(i.os_tick_irqack) for os_tick_irqack
    entry.o(.ARM.Collect$$$$00000000) refers (Special) to entry10a.o(.ARM.Collect$$$$0000000D) for __rt_final_cpp
    entry.o(.ARM.Collect$$$$00000000) refers (Special) to entry11a.o(.ARM.Collect$$$$0000000F) for __rt_final_exit
    entry.o(.ARM.Collect$$$$00000000) refers (Special) to entry7b.o(.ARM.Collect$$$$00000008) for _main_clock
    entry.o(.ARM.Collect$$$$00000000) refers (Special) to entry8b.o(.ARM.Collect$$$$0000000A) for _main_cpp_init
    entry.o(.ARM.Collect$$$$00000000) refers (Special) to rtx_conf_cm.o(.ARM.Collect$$$$000000FF) for _main_init
    entry.o(.ARM.Collect$$$$00000000) refers (Special) to entry5.o(.ARM.Collect$$$$00000004) for _main_scatterload
    entry.o(.ARM.Collect$$$$00000000) refers (Special) to entry2.o(.ARM.Collect$$$$00000001) for _main_stk
    uldiv.o(.text) refers to llushr.o(.text) for __aeabi_llsr
    uldiv.o(.text) refers to llshl.o(.text) for __aeabi_llsl
    entry2.o(.ARM.Collect$$$$00000001) refers to entry2.o(.ARM.Collect$$$$00002712) for __lit__00000000
    entry2.o(.ARM.Collect$$$$00002712) refers to startup_mkl25z4.o(STACK) for __initial_sp
    entry2.o(__vectab_stack_and_reset_area) refers to startup_mkl25z4.o(STACK) for __initial_sp
    entry2.o(__vectab_stack_and_reset_area) refers to entry.o(.ARM.Collect$$$$00000000) for __main
    entry5.o(.ARM.Collect$$$$00000004) refers to init.o(.text) for __scatterload
    init.o(.text) refers to entry5.o(.ARM.Collect$$$$00000004) for __main_after_scatterload


==============================================================================

Removing Unused input sections from the image.

    Removing blinky.o(.rev16_text), (4 bytes).
    Removing blinky.o(.revsh_text), (4 bytes).
    Removing led_frdm-kl25z.o(.rev16_text), (4 bytes).
    Removing led_frdm-kl25z.o(.revsh_text), (4 bytes).
    Removing led_frdm-kl25z.o(.text), (272 bytes).
    Removing led_frdm-kl25z.o(.constdata), (36 bytes).
    Removing startup_mkl25z4.o(HEAP), (0 bytes).
    Removing system_mkl25z4.o(.rev16_text), (4 bytes).
    Removing system_mkl25z4.o(.revsh_text), (4 bytes).
    Removing rt_cmsis.o(.rev16_text), (4 bytes).
    Removing rt_cmsis.o(.revsh_text), (4 bytes).
    Removing rt_cmsis.o(i.isrSemaphoreRelease), (44 bytes).
    Removing rt_cmsis.o(i.isrSignalSet), (38 bytes).
    Removing rt_cmsis.o(i.osDelay), (28 bytes).
    Removing rt_cmsis.o(i.osKernelRunning), (40 bytes).
    Removing rt_cmsis.o(i.osKernelSysTick), (28 bytes).
    Removing rt_cmsis.o(i.osMailAlloc), (32 bytes).
    Removing rt_cmsis.o(i.osMailCAlloc), (52 bytes).
    Removing rt_cmsis.o(i.osMailCreate), (52 bytes).
    Removing rt_cmsis.o(i.osMailFree), (32 bytes).
    Removing rt_cmsis.o(i.osMailGet), (24 bytes).
    Removing rt_cmsis.o(i.osMailPut), (28 bytes).
    Removing rt_cmsis.o(i.osMessageCreate), (52 bytes).
    Removing rt_cmsis.o(i.osMessagePut), (28 bytes).
    Removing rt_cmsis.o(i.osMutexCreate), (52 bytes).
    Removing rt_cmsis.o(i.osMutexDelete), (28 bytes).
    Removing rt_cmsis.o(i.osMutexRelease), (28 bytes).
    Removing rt_cmsis.o(i.osMutexWait), (28 bytes).
    Removing rt_cmsis.o(i.osPoolAlloc), (36 bytes).
    Removing rt_cmsis.o(i.osPoolCAlloc), (56 bytes).
    Removing rt_cmsis.o(i.osPoolCreate), (52 bytes).
    Removing rt_cmsis.o(i.osPoolFree), (36 bytes).
    Removing rt_cmsis.o(i.osSemaphoreCreate), (52 bytes).
    Removing rt_cmsis.o(i.osSemaphoreDelete), (28 bytes).
    Removing rt_cmsis.o(i.osSemaphoreRelease), (28 bytes).
    Removing rt_cmsis.o(i.osSemaphoreWait), (28 bytes).
    Removing rt_cmsis.o(i.osSignalClear), (28 bytes).
    Removing rt_cmsis.o(i.osSignalSet), (28 bytes).
    Removing rt_cmsis.o(i.osSignalWait), (28 bytes).
    Removing rt_cmsis.o(i.osThreadGetId), (28 bytes).
    Removing rt_cmsis.o(i.osThreadGetPriority), (28 bytes).
    Removing rt_cmsis.o(i.osThreadSetPriority), (28 bytes).
    Removing rt_cmsis.o(i.osThreadTerminate), (28 bytes).
    Removing rt_cmsis.o(i.osThreadYield), (28 bytes).
    Removing rt_cmsis.o(i.osTimerCreate), (52 bytes).
    Removing rt_cmsis.o(i.osTimerDelete), (28 bytes).
    Removing rt_cmsis.o(i.osTimerStart), (28 bytes).
    Removing rt_cmsis.o(i.osTimerStop), (28 bytes).
    Removing rt_cmsis.o(i.osWait), (4 bytes).
    Removing rt_cmsis.o(i.os_resume), (16 bytes).
    Removing rt_cmsis.o(i.os_suspend), (16 bytes).
    Removing rt_cmsis.o(i.rt_clr_box), (26 bytes).
    Removing rt_cmsis.o(i.rt_timer_remove), (68 bytes).
    Removing rt_cmsis.o(i.svcDelay), (18 bytes).
    Removing rt_cmsis.o(i.svcKernelRunning), (12 bytes).
    Removing rt_cmsis.o(i.svcKernelSysTick), (56 bytes).
    Removing rt_cmsis.o(i.svcMailCreate), (78 bytes).
    Removing rt_cmsis.o(i.svcMessagePut), (56 bytes).
    Removing rt_cmsis.o(i.svcMutexCreate), (32 bytes).
    Removing rt_cmsis.o(i.svcMutexDelete), (28 bytes).
    Removing rt_cmsis.o(i.svcMutexRelease), (36 bytes).
    Removing rt_cmsis.o(i.svcMutexWait), (60 bytes).
    Removing rt_cmsis.o(i.svcPoolCreate), (46 bytes).
    Removing rt_cmsis.o(i.svcSemaphoreCreate), (44 bytes).
    Removing rt_cmsis.o(i.svcSemaphoreDelete), (28 bytes).
    Removing rt_cmsis.o(i.svcSemaphoreRelease), (44 bytes).
    Removing rt_cmsis.o(i.svcSemaphoreWait), (52 bytes).
    Removing rt_cmsis.o(i.svcSignalClear), (38 bytes).
    Removing rt_cmsis.o(i.svcSignalSet), (38 bytes).
    Removing rt_cmsis.o(i.svcSignalWait), (92 bytes).
    Removing rt_cmsis.o(i.svcThreadGetPriority), (20 bytes).
    Removing rt_cmsis.o(i.svcThreadSetPriority), (48 bytes).
    Removing rt_cmsis.o(i.svcThreadYield), (10 bytes).
    Removing rt_cmsis.o(i.svcTimerCreate), (64 bytes).
    Removing rt_cmsis.o(i.svcTimerDelete), (40 bytes).
    Removing rt_cmsis.o(i.svcTimerStart), (108 bytes).
    Removing rt_cmsis.o(i.svcTimerStop), (38 bytes).
    Removing rt_cmsis.o(i.sysMailAlloc), (100 bytes).
    Removing rt_cmsis.o(i.sysMailFree), (106 bytes).
    Removing rt_cmsis.o(i.sysPoolAlloc), (12 bytes).
    Removing rt_cmsis.o(i.sysPoolFree), (22 bytes).
    Removing rt_cmsis.o(i.sysUserTimerUpdate), (48 bytes).
    Removing rt_cmsis.o(i.sysUserTimerWakeupTime), (24 bytes).
    Removing rt_task.o(i.rt_tsk_pass), (44 bytes).
    Removing rt_system.o(.emb_text), (0 bytes).
    Removing rt_system.o(i.os_tick_ovf), (16 bytes).
    Removing rt_system.o(i.os_tick_val), (20 bytes).
    Removing rt_system.o(i.rt_resume), (136 bytes).
    Removing rt_system.o(i.rt_suspend), (40 bytes).
    Removing rt_system.o(i.rt_tsk_lock), (84 bytes).
    Removing rt_system.o(i.rt_tsk_unlock), (84 bytes).
    Removing rt_event.o(i.isr_evt_set), (36 bytes).
    Removing rt_event.o(i.rt_evt_clr), (28 bytes).
    Removing rt_event.o(i.rt_evt_get), (12 bytes).
    Removing rt_event.o(i.rt_evt_set), (92 bytes).
    Removing rt_event.o(i.rt_evt_wait), (64 bytes).
    Removing rt_list.o(i.rt_get_same_rdy_prio), (36 bytes).
    Removing rt_mailbox.o(i.rt_mbx_send), (148 bytes).
    Removing rt_semaphore.o(i.isr_sem_send), (14 bytes).
    Removing rt_semaphore.o(i.rt_sem_delete), (96 bytes).
    Removing rt_semaphore.o(i.rt_sem_init), (12 bytes).
    Removing rt_semaphore.o(i.rt_sem_send), (44 bytes).
    Removing rt_semaphore.o(i.rt_sem_wait), (68 bytes).
    Removing rt_time.o(i.rt_dly_wait), (10 bytes).
    Removing rt_time.o(i.rt_itv_set), (24 bytes).
    Removing rt_time.o(i.rt_itv_wait), (44 bytes).
    Removing rt_time.o(i.rt_time_get), (12 bytes).
    Removing rt_mutex.o(i.rt_mut_delete), (180 bytes).
    Removing rt_mutex.o(i.rt_mut_init), (16 bytes).
    Removing rt_mutex.o(i.rt_mut_release), (216 bytes).
    Removing rt_mutex.o(i.rt_mut_wait), (128 bytes).
    Removing rt_membox.o(i._calloc_box), (32 bytes).
    Removing rt_cmsis.o(i.__ARM_common_ll_muluu), (48 bytes).

113 unused section(s) (total 4942 bytes) removed from the image.

==============================================================================

Image Symbol Table

    Local Symbols

    Symbol Name                              Value     Ov Type        Size  Object(Section)

    RESET                                    0x00000000   Section      192  startup_mkl25z4.o(RESET)
    ../clib/microlib/division.c              0x00000000   Number         0  uldiv.o ABSOLUTE
    ../clib/microlib/division.c              0x00000000   Number         0  uidiv.o ABSOLUTE
    ../clib/microlib/init/entry.s            0x00000000   Number         0  entry11a.o ABSOLUTE
    ../clib/microlib/init/entry.s            0x00000000   Number         0  entry10a.o ABSOLUTE
    ../clib/microlib/init/entry.s            0x00000000   Number         0  entry.o ABSOLUTE
    ../clib/microlib/init/entry.s            0x00000000   Number         0  entry10b.o ABSOLUTE
    ../clib/microlib/init/entry.s            0x00000000   Number         0  entry8b.o ABSOLUTE
    ../clib/microlib/init/entry.s            0x00000000   Number         0  entry8a.o ABSOLUTE
    ../clib/microlib/init/entry.s            0x00000000   Number         0  entry7b.o ABSOLUTE
    ../clib/microlib/init/entry.s            0x00000000   Number         0  entry7a.o ABSOLUTE
    ../clib/microlib/init/entry.s            0x00000000   Number         0  entry5.o ABSOLUTE
    ../clib/microlib/init/entry.s            0x00000000   Number         0  entry2.o ABSOLUTE
    ../clib/microlib/init/entry.s            0x00000000   Number         0  entry11b.o ABSOLUTE
    ../clib/microlib/longlong.c              0x00000000   Number         0  llushr.o ABSOLUTE
    ../clib/microlib/longlong.c              0x00000000   Number         0  llshl.o ABSOLUTE
    ..\HAL_CM.c                              0x00000000   Number         0  hal_cm.o ABSOLUTE
    ..\\rt_CMSIS.c                           0x00000000   Number         0  rt_cmsis.o ABSOLUTE
    ..\\rt_System.c                          0x00000000   Number         0  rt_system.o ABSOLUTE
    ..\rt_CMSIS.c                            0x00000000   Number         0  rt_cmsis.o ABSOLUTE
    ..\rt_Event.c                            0x00000000   Number         0  rt_event.o ABSOLUTE
    ..\rt_List.c                             0x00000000   Number         0  rt_list.o ABSOLUTE
    ..\rt_Mailbox.c                          0x00000000   Number         0  rt_mailbox.o ABSOLUTE
    ..\rt_MemBox.c                           0x00000000   Number         0  rt_membox.o ABSOLUTE
    ..\rt_Memory.c                           0x00000000   Number         0  rt_memory.o ABSOLUTE
    ..\rt_Mutex.c                            0x00000000   Number         0  rt_mutex.o ABSOLUTE
    ..\rt_Robin.c                            0x00000000   Number         0  rt_robin.o ABSOLUTE
    ..\rt_Semaphore.c                        0x00000000   Number         0  rt_semaphore.o ABSOLUTE
    ..\rt_System.c                           0x00000000   Number         0  rt_system.o ABSOLUTE
    ..\rt_Task.c                             0x00000000   Number         0  rt_task.o ABSOLUTE
    ..\rt_Time.c                             0x00000000   Number         0  rt_time.o ABSOLUTE
    Blinky.c                                 0x00000000   Number         0  blinky.o ABSOLUTE
    Blinky.c                                 0x00000000   Number         0  blinky.o ABSOLUTE
    C:\Users\saiab\AppData\Local\Arm\Packs\Keil\Kinetis_KLxx_DFP\1.15.0\Boards\NXP\FRDM-KL25Z\Common\LED_FRDM-KL25Z.c 0x00000000   Number         0  led_frdm-kl25z.o ABSOLUTE
    C:\\Users\\saiab\\AppData\\Local\\Arm\\Packs\\Keil\\Kinetis_KLxx_DFP\\1.15.0\\Boards\\NXP\\FRDM-KL25Z\\Common\\LED_FRDM-KL25Z.c 0x00000000   Number         0  led_frdm-kl25z.o ABSOLUTE
    HAL_CM0.c                                0x00000000   Number         0  hal_cm0.o ABSOLUTE
    HAL_CM0.c                                0x00000000   Number         0  hal_cm0.o ABSOLUTE
    RTE\CMSIS\RTX_Conf_CM.c                  0x00000000   Number         0  rtx_conf_cm.o ABSOLUTE
    RTE\Device\MKL25Z128xxx4\startup_MKL25Z4.s 0x00000000   Number         0  startup_mkl25z4.o ABSOLUTE
    RTE\Device\MKL25Z128xxx4\system_MKL25Z4.c 0x00000000   Number         0  system_mkl25z4.o ABSOLUTE
    RTE\\Device\\MKL25Z128xxx4\\system_MKL25Z4.c 0x00000000   Number         0  system_mkl25z4.o ABSOLUTE
    SVC_Table.s                              0x00000000   Number         0  svc_table.o ABSOLUTE
    dc.s                                     0x00000000   Number         0  dc.o ABSOLUTE
    handlers.s                               0x00000000   Number         0  handlers.o ABSOLUTE
    init.s                                   0x00000000   Number         0  init.o ABSOLUTE
    .ARM.Collect$$$$00000000                 0x000000c0   Section        0  entry.o(.ARM.Collect$$$$00000000)
    .ARM.Collect$$$$00000001                 0x000000c0   Section        4  entry2.o(.ARM.Collect$$$$00000001)
    .ARM.Collect$$$$00000004                 0x000000c4   Section        4  entry5.o(.ARM.Collect$$$$00000004)
    .ARM.Collect$$$$00000008                 0x000000c8   Section        0  entry7b.o(.ARM.Collect$$$$00000008)
    .ARM.Collect$$$$0000000A                 0x000000c8   Section        0  entry8b.o(.ARM.Collect$$$$0000000A)
    .ARM.Collect$$$$0000000D                 0x000000c8   Section        0  entry10a.o(.ARM.Collect$$$$0000000D)
    .ARM.Collect$$$$0000000F                 0x000000c8   Section        0  entry11a.o(.ARM.Collect$$$$0000000F)
    .ARM.Collect$$$$000000FF                 0x000000c8   Section        0  rtx_conf_cm.o(.ARM.Collect$$$$000000FF)
    .ARM.Collect$$$$00002712                 0x000000e0   Section        4  entry2.o(.ARM.Collect$$$$00002712)
    __lit__00000000                          0x000000e0   Data           4  entry2.o(.ARM.Collect$$$$00002712)
    .emb_text                                0x000000e4   Section      356  hal_cm0.o(.emb_text)
    .text                                    0x00000248   Section        0  rtx_conf_cm.o(.text)
    .text                                    0x00000270   Section       40  startup_mkl25z4.o(.text)
    .text                                    0x00000298   Section        0  uidiv.o(.text)
    .text                                    0x000002c4   Section       36  init.o(.text)
    SVC_TABLE                                0x000002e8   Section        4  svc_table.o(SVC_TABLE)
    i.__ARM_common_switch8                   0x000002ec   Section        0  system_mkl25z4.o(i.__ARM_common_switch8)
    i.__scatterload_copy                     0x00000308   Section       14  handlers.o(i.__scatterload_copy)
    i.__scatterload_null                     0x00000316   Section        2  handlers.o(i.__scatterload_null)
    i.__scatterload_zeroinit                 0x00000318   Section       14  handlers.o(i.__scatterload_zeroinit)
    i._init_box                              0x00000326   Section        0  rt_membox.o(i._init_box)
    i.isrMessageGet                          0x0000036e   Section        0  rt_cmsis.o(i.isrMessageGet)
    i.isrMessagePut                          0x0000039c   Section        0  rt_cmsis.o(i.isrMessagePut)
    i.isr_mbx_send                           0x000003cc   Section        0  rt_mailbox.o(i.isr_mbx_send)
    i.osKernelInitialize                     0x000003d8   Section        0  rt_cmsis.o(i.osKernelInitialize)
    .ARM.__at_0x400                          0x00000400   Section       16  startup_mkl25z4.o(.ARM.__at_0x400)
    .text                                    0x00000410   Section        0  blinky.o(.text)
    delay                                    0x000004b9   Thumb Code    20  blinky.o(.text)
    __NVIC_SetPriority                       0x00000637   Thumb Code   110  blinky.o(.text)
    .text                                    0x000006cc   Section        0  system_mkl25z4.o(.text)
    i.isr_mbx_receive                        0x00000868   Section        0  rt_mailbox.o(i.isr_mbx_receive)
    i.osKernelStart                          0x000008b4   Section        0  rt_cmsis.o(i.osKernelStart)
    i.osMessageGet                           0x00000920   Section        0  rt_cmsis.o(i.osMessageGet)
    i.osThreadCreate                         0x0000093c   Section        0  rt_cmsis.o(i.osThreadCreate)
    i.osThreadExit                           0x00000970   Section        0  rt_cmsis.o(i.osThreadExit)
    i.osTimerCall                            0x00000988   Section        0  rt_cmsis.o(i.osTimerCall)
    i.osTimerThread                          0x00000998   Section        0  rt_cmsis.o(i.osTimerThread)
    i.os_tick_init                           0x000009c4   Section        0  rt_system.o(i.os_tick_init)
    i.os_tick_irqack                         0x000009f0   Section        0  rt_system.o(i.os_tick_irqack)
    i.rt_alloc_box                           0x000009f2   Section        0  rt_membox.o(i.rt_alloc_box)
    i.rt_alloc_mem                           0x00000a10   Section        0  rt_memory.o(i.rt_alloc_mem)
    i.rt_block                               0x00000a54   Section        0  rt_task.o(i.rt_block)
    i.rt_chk_robin                           0x00000a8c   Section        0  rt_robin.o(i.rt_chk_robin)
    i.rt_dec_dly                             0x00000ad0   Section        0  rt_list.o(i.rt_dec_dly)
    i.rt_dispatch                            0x00000b44   Section        0  rt_task.o(i.rt_dispatch)
    i.rt_evt_psh                             0x00000b84   Section        0  rt_event.o(i.rt_evt_psh)
    i.rt_free_box                            0x00000bd4   Section        0  rt_membox.o(i.rt_free_box)
    i.rt_free_mem                            0x00000bfa   Section        0  rt_memory.o(i.rt_free_mem)
    i.rt_get_first                           0x00000c2a   Section        0  rt_list.o(i.rt_get_first)
    i.rt_id2obj                              0x00000c54   Section        0  rt_cmsis.o(i.rt_id2obj)
    rt_id2obj                                0x00000c55   Thumb Code     8  rt_cmsis.o(i.rt_id2obj)
    i.rt_init_context                        0x00000c5c   Section        0  rt_task.o(i.rt_init_context)
    rt_init_context                          0x00000c5d   Thumb Code    66  rt_task.o(i.rt_init_context)
    i.rt_init_mem                            0x00000ca4   Section        0  rt_memory.o(i.rt_init_mem)
    i.rt_init_robin                          0x00000cc0   Section        0  rt_robin.o(i.rt_init_robin)
    i.rt_init_stack                          0x00000cd8   Section        0  hal_cm.o(i.rt_init_stack)
    i.rt_mbx_check                           0x00000d50   Section        0  rt_mailbox.o(i.rt_mbx_check)
    i.rt_mbx_init                            0x00000d58   Section        0  rt_mailbox.o(i.rt_mbx_init)
    i.rt_mbx_psh                             0x00000d7c   Section        0  rt_mailbox.o(i.rt_mbx_psh)
    i.rt_mbx_wait                            0x00000e4c   Section        0  rt_mailbox.o(i.rt_mbx_wait)
    i.rt_ms2tick                             0x00000efc   Section        0  rt_cmsis.o(i.rt_ms2tick)
    rt_ms2tick                               0x00000efd   Thumb Code    56  rt_cmsis.o(i.rt_ms2tick)
    i.rt_pop_req                             0x00000f40   Section        0  rt_system.o(i.rt_pop_req)
    i.rt_psh_req                             0x00000fb0   Section        0  rt_system.o(i.rt_psh_req)
    i.rt_psq_enq                             0x00000fd0   Section        0  rt_list.o(i.rt_psq_enq)
    i.rt_put_dly                             0x00001010   Section        0  rt_list.o(i.rt_put_dly)
    i.rt_put_prio                            0x00001060   Section        0  rt_list.o(i.rt_put_prio)
    i.rt_put_rdy_first                       0x0000109c   Section        0  rt_list.o(i.rt_put_rdy_first)
    i.rt_resort_prio                         0x000010b0   Section        0  rt_list.o(i.rt_resort_prio)
    i.rt_ret_val                             0x000010e0   Section        0  hal_cm.o(i.rt_ret_val)
    i.rt_ret_val2                            0x000010e6   Section        0  hal_cm.o(i.rt_ret_val2)
    i.rt_rmv_dly                             0x000010ee   Section        0  rt_list.o(i.rt_rmv_dly)
    i.rt_rmv_list                            0x00001118   Section        0  rt_list.o(i.rt_rmv_list)
    i.rt_sem_psh                             0x0000114c   Section        0  rt_semaphore.o(i.rt_sem_psh)
    i.rt_stk_check                           0x00001180   Section        0  rt_system.o(i.rt_stk_check)
    i.rt_switch_req                          0x000011a8   Section        0  rt_task.o(i.rt_switch_req)
    i.rt_sys_init                            0x000011b8   Section        0  rt_task.o(i.rt_sys_init)
    i.rt_sys_start                           0x00001280   Section        0  rt_task.o(i.rt_sys_start)
    i.rt_systick                             0x000012e4   Section        0  rt_system.o(i.rt_systick)
    i.rt_tid2ptcb                            0x00001320   Section        0  rt_cmsis.o(i.rt_tid2ptcb)
    rt_tid2ptcb                              0x00001321   Thumb Code    18  rt_cmsis.o(i.rt_tid2ptcb)
    i.rt_timer_insert                        0x00001334   Section        0  rt_cmsis.o(i.rt_timer_insert)
    rt_timer_insert                          0x00001335   Thumb Code    52  rt_cmsis.o(i.rt_timer_insert)
    i.rt_tsk_create                          0x0000136c   Section        0  rt_task.o(i.rt_tsk_create)
    i.rt_tsk_delete                          0x000013e4   Section        0  rt_task.o(i.rt_tsk_delete)
    i.rt_tsk_prio                            0x0000153c   Section        0  rt_task.o(i.rt_tsk_prio)
    i.rt_tsk_self                            0x000015bc   Section        0  rt_task.o(i.rt_tsk_self)
    i.svcKernelInitialize                    0x000015cc   Section        0  rt_cmsis.o(i.svcKernelInitialize)
    i.svcKernelStart                         0x00001644   Section        0  rt_cmsis.o(i.svcKernelStart)
    i.svcMessageCreate                       0x00001690   Section        0  rt_cmsis.o(i.svcMessageCreate)
    i.svcMessageGet                          0x000016ba   Section        0  rt_cmsis.o(i.svcMessageGet)
    i.svcThreadCreate                        0x000016f8   Section        0  rt_cmsis.o(i.svcThreadCreate)
    i.svcThreadGetId                         0x0000176c   Section        0  rt_cmsis.o(i.svcThreadGetId)
    i.svcThreadTerminate                     0x00001788   Section        0  rt_cmsis.o(i.svcThreadTerminate)
    i.svcTimerCall                           0x000017c4   Section        0  rt_cmsis.o(i.svcTimerCall)
    i.sysTimerTick                           0x000017e0   Section        0  rt_cmsis.o(i.sysTimerTick)
    .constdata                               0x00001838   Section      104  rtx_conf_cm.o(.constdata)
    __tagsym$$used                           0x00001854   Number         0  rtx_conf_cm.o(.constdata)
    __tagsym$$used                           0x00001858   Number         0  rtx_conf_cm.o(.constdata)
    __tagsym$$used                           0x0000185c   Number         0  rtx_conf_cm.o(.constdata)
    __tagsym$$used                           0x00001860   Number         0  rtx_conf_cm.o(.constdata)
    .data                                    0x1ffff000   Section        4  blinky.o(.data)
    .data                                    0x1ffff004   Section       16  rtx_conf_cm.o(.data)
    .data                                    0x1ffff014   Section        4  system_mkl25z4.o(.data)
    .data                                    0x1ffff018   Section        8  rt_cmsis.o(.data)
    .data                                    0x1ffff020   Section        8  rt_task.o(.data)
    .data                                    0x1ffff028   Section        8  rt_system.o(.data)
    os_lock                                  0x1ffff028   Data           1  rt_system.o(.data)
    os_psh_flag                              0x1ffff029   Data           1  rt_system.o(.data)
    pend_flags                               0x1ffff02a   Data           1  rt_system.o(.data)
    .data                                    0x1ffff030   Section        4  rt_time.o(.data)
    .data                                    0x1ffff034   Section        8  rt_robin.o(.data)
    .bss                                     0x1ffff03c   Section       88  blinky.o(.bss)
    .bss                                     0x1ffff098   Section     1452  rtx_conf_cm.o(.bss)
    .bss                                     0x1ffff644   Section       52  rt_task.o(.bss)
    .bss                                     0x1ffff678   Section       48  rt_list.o(.bss)
    STACK                                    0x1ffff6a8   Section      256  startup_mkl25z4.o(STACK)

    Global Symbols

    Symbol Name                              Value     Ov Type        Size  Object(Section)

    BuildAttributes$$THM_ISAv3M$S$PE$A:L22$X:L11$S22$IEEE1$IW$USESV6$~STKCKD$USESV7$~SHL$OSPACE$EBA8$MICROLIB$REQ8$PRES8$EABIv2 0x00000000   Number         0  anon$$obj.o ABSOLUTE
    __ARM_use_no_argv                        0x00000000   Number         0  blinky.o ABSOLUTE
    __Vectors                                0x00000000   Data           4  startup_mkl25z4.o(RESET)
    __cpp_initialize__aeabi_                  - Undefined Weak Reference
    __cxa_finalize                            - Undefined Weak Reference
    __decompress                              - Undefined Weak Reference
    _clock_init                               - Undefined Weak Reference
    _microlib_exit                            - Undefined Weak Reference
    __Vectors_End                            0x000000c0   Data           0  startup_mkl25z4.o(RESET)
    __Vectors_Size                           0x000000c0   Number         0  startup_mkl25z4.o ABSOLUTE
    __main                                   0x000000c1   Thumb Code     0  entry.o(.ARM.Collect$$$$00000000)
    _main_stk                                0x000000c1   Thumb Code     0  entry2.o(.ARM.Collect$$$$00000001)
    _main_scatterload                        0x000000c5   Thumb Code     0  entry5.o(.ARM.Collect$$$$00000004)
    __main_after_scatterload                 0x000000c9   Thumb Code     0  entry5.o(.ARM.Collect$$$$00000004)
    __rt_final_cpp                           0x000000c9   Thumb Code     0  entry10a.o(.ARM.Collect$$$$0000000D)
    __rt_final_exit                          0x000000c9   Thumb Code     0  entry11a.o(.ARM.Collect$$$$0000000F)
    _main_clock                              0x000000c9   Thumb Code     0  entry7b.o(.ARM.Collect$$$$00000008)
    _main_cpp_init                           0x000000c9   Thumb Code     0  entry8b.o(.ARM.Collect$$$$0000000A)
    _main_init                               0x000000c9   Thumb Code    18  rtx_conf_cm.o(.ARM.Collect$$$$000000FF)
    rt_set_PSP                               0x000000e5   Thumb Code     6  hal_cm0.o(.emb_text)
    rt_get_PSP                               0x000000eb   Thumb Code     6  hal_cm0.o(.emb_text)
    os_set_env                               0x000000f1   Thumb Code    32  hal_cm0.o(.emb_text)
    _alloc_box                               0x00000115   Thumb Code    28  hal_cm0.o(.emb_text)
    _free_box                                0x00000135   Thumb Code    28  hal_cm0.o(.emb_text)
    SVC_Handler                              0x00000155   Thumb Code   136  hal_cm0.o(.emb_text)
    PendSV_Handler                           0x000001e9   Thumb Code    72  hal_cm0.o(.emb_text)
    SysTick_Handler                          0x00000235   Thumb Code     8  hal_cm0.o(.emb_text)
    OS_Tick_Handler                          0x0000023d   Thumb Code    12  hal_cm0.o(.emb_text)
    os_idle_demon                            0x00000249   Thumb Code     4  rtx_conf_cm.o(.text)
    os_error                                 0x0000024d   Thumb Code    34  rtx_conf_cm.o(.text)
    Reset_Handler                            0x00000271   Thumb Code    12  startup_mkl25z4.o(.text)
    NMI_Handler                              0x0000027d   Thumb Code     2  startup_mkl25z4.o(.text)
    HardFault_Handler                        0x0000027f   Thumb Code     2  startup_mkl25z4.o(.text)
    ADC0_IRQHandler                          0x00000287   Thumb Code     0  startup_mkl25z4.o(.text)
    CMP0_IRQHandler                          0x00000287   Thumb Code     0  startup_mkl25z4.o(.text)
    DAC0_IRQHandler                          0x00000287   Thumb Code     0  startup_mkl25z4.o(.text)
    DMA0_IRQHandler                          0x00000287   Thumb Code     0  startup_mkl25z4.o(.text)
    DMA1_IRQHandler                          0x00000287   Thumb Code     0  startup_mkl25z4.o(.text)
    DMA2_IRQHandler                          0x00000287   Thumb Code     0  startup_mkl25z4.o(.text)
    DMA3_IRQHandler                          0x00000287   Thumb Code     0  startup_mkl25z4.o(.text)
    DefaultISR                               0x00000287   Thumb Code     0  startup_mkl25z4.o(.text)
    FTFA_IRQHandler                          0x00000287   Thumb Code     0  startup_mkl25z4.o(.text)
    I2C0_IRQHandler                          0x00000287   Thumb Code     0  startup_mkl25z4.o(.text)
    I2C1_IRQHandler                          0x00000287   Thumb Code     0  startup_mkl25z4.o(.text)
    LLWU_IRQHandler                          0x00000287   Thumb Code     0  startup_mkl25z4.o(.text)
    LPTMR0_IRQHandler                        0x00000287   Thumb Code     0  startup_mkl25z4.o(.text)
    LVD_LVW_IRQHandler                       0x00000287   Thumb Code     0  startup_mkl25z4.o(.text)
    MCG_IRQHandler                           0x00000287   Thumb Code     0  startup_mkl25z4.o(.text)
    PIT_IRQHandler                           0x00000287   Thumb Code     0  startup_mkl25z4.o(.text)
    PORTA_IRQHandler                         0x00000287   Thumb Code     0  startup_mkl25z4.o(.text)
    PORTD_IRQHandler                         0x00000287   Thumb Code     0  startup_mkl25z4.o(.text)
    RTC_IRQHandler                           0x00000287   Thumb Code     0  startup_mkl25z4.o(.text)
    RTC_Seconds_IRQHandler                   0x00000287   Thumb Code     0  startup_mkl25z4.o(.text)
    Reserved20_IRQHandler                    0x00000287   Thumb Code     0  startup_mkl25z4.o(.text)
    Reserved39_IRQHandler                    0x00000287   Thumb Code     0  startup_mkl25z4.o(.text)
    Reserved45_IRQHandler                    0x00000287   Thumb Code     0  startup_mkl25z4.o(.text)
    SPI0_IRQHandler                          0x00000287   Thumb Code     0  startup_mkl25z4.o(.text)
    SPI1_IRQHandler                          0x00000287   Thumb Code     0  startup_mkl25z4.o(.text)
    TPM0_IRQHandler                          0x00000287   Thumb Code     0  startup_mkl25z4.o(.text)
    TPM1_IRQHandler                          0x00000287   Thumb Code     0  startup_mkl25z4.o(.text)
    TPM2_IRQHandler                          0x00000287   Thumb Code     0  startup_mkl25z4.o(.text)
    TSI0_IRQHandler                          0x00000287   Thumb Code     0  startup_mkl25z4.o(.text)
    UART0_IRQHandler                         0x00000287   Thumb Code     0  startup_mkl25z4.o(.text)
    UART1_IRQHandler                         0x00000287   Thumb Code     0  startup_mkl25z4.o(.text)
    USB0_IRQHandler                          0x00000287   Thumb Code     0  startup_mkl25z4.o(.text)
    __aeabi_uidiv                            0x00000299   Thumb Code     0  uidiv.o(.text)
    __aeabi_uidivmod                         0x00000299   Thumb Code    44  uidiv.o(.text)
    __scatterload                            0x000002c5   Thumb Code    28  init.o(.text)
    __scatterload_rt2                        0x000002c5   Thumb Code     0  init.o(.text)
    SVC_Count                                0x000002e8   Data           4  svc_table.o(SVC_TABLE)
    SVC_Table                                0x000002ec   Data           0  svc_table.o(SVC_TABLE)
    __ARM_common_switch8                     0x000002ed   Thumb Code    28  system_mkl25z4.o(i.__ARM_common_switch8)
    __scatterload_copy                       0x00000309   Thumb Code    14  handlers.o(i.__scatterload_copy)
    __scatterload_null                       0x00000317   Thumb Code     2  handlers.o(i.__scatterload_null)
    __scatterload_zeroinit                   0x00000319   Thumb Code    14  handlers.o(i.__scatterload_zeroinit)
    _init_box                                0x00000327   Thumb Code    72  rt_membox.o(i._init_box)
    isrMessageGet                            0x0000036f   Thumb Code    46  rt_cmsis.o(i.isrMessageGet)
    isrMessagePut                            0x0000039d   Thumb Code    48  rt_cmsis.o(i.isrMessagePut)
    isr_mbx_send                             0x000003cd   Thumb Code    12  rt_mailbox.o(i.isr_mbx_send)
    osKernelInitialize                       0x000003d9   Thumb Code    36  rt_cmsis.o(i.osKernelInitialize)
    Q_Init                                   0x00000411   Thumb Code    24  blinky.o(.text)
    Q_Empty                                  0x00000429   Thumb Code    16  blinky.o(.text)
    Q_Full                                   0x00000439   Thumb Code    16  blinky.o(.text)
    Q_Enqueue                                0x00000449   Thumb Code    46  blinky.o(.text)
    Q_Dequeue                                0x00000477   Thumb Code    48  blinky.o(.text)
    __RL_RTX_VER                             0x00000482   Number         0  rt_system.o ABSOLUTE
    mod_value                                0x000004a7   Thumb Code    18  blinky.o(.text)
    UART2_IRQHandler                         0x000004cd   Thumb Code    42  blinky.o(.text)
    initLED                                  0x000004f7   Thumb Code    56  blinky.o(.text)
    initUART2                                0x0000052f   Thumb Code   206  blinky.o(.text)
    main                                     0x000005fd   Thumb Code    58  blinky.o(.text)
    SystemInit                               0x000006cd   Thumb Code     8  system_mkl25z4.o(.text)
    SystemCoreClockUpdate                    0x000006d5   Thumb Code   374  system_mkl25z4.o(.text)
    isr_mbx_receive                          0x00000869   Thumb Code    76  rt_mailbox.o(i.isr_mbx_receive)
    osKernelStart                            0x000008b5   Thumb Code   100  rt_cmsis.o(i.osKernelStart)
    osMessageGet                             0x00000921   Thumb Code    24  rt_cmsis.o(i.osMessageGet)
    osThreadCreate                           0x0000093d   Thumb Code    44  rt_cmsis.o(i.osThreadCreate)
    osThreadExit                             0x00000971   Thumb Code    14  rt_cmsis.o(i.osThreadExit)
    osTimerCall                              0x00000989   Thumb Code    10  rt_cmsis.o(i.osTimerCall)
    osTimerThread                            0x00000999   Thumb Code    38  rt_cmsis.o(i.osTimerThread)
    os_tick_init                             0x000009c5   Thumb Code    32  rt_system.o(i.os_tick_init)
    os_tick_irqack                           0x000009f1   Thumb Code     2  rt_system.o(i.os_tick_irqack)
    rt_alloc_box                             0x000009f3   Thumb Code    30  rt_membox.o(i.rt_alloc_box)
    rt_alloc_mem                             0x00000a11   Thumb Code    66  rt_memory.o(i.rt_alloc_mem)
    rt_block                                 0x00000a55   Thumb Code    42  rt_task.o(i.rt_block)
    rt_chk_robin                             0x00000a8d   Thumb Code    56  rt_robin.o(i.rt_chk_robin)
    rt_dec_dly                               0x00000ad1   Thumb Code   108  rt_list.o(i.rt_dec_dly)
    rt_dispatch                              0x00000b45   Thumb Code    56  rt_task.o(i.rt_dispatch)
    rt_evt_psh                               0x00000b85   Thumb Code    74  rt_event.o(i.rt_evt_psh)
    rt_free_box                              0x00000bd5   Thumb Code    38  rt_membox.o(i.rt_free_box)
    rt_free_mem                              0x00000bfb   Thumb Code    48  rt_memory.o(i.rt_free_mem)
    rt_get_first                             0x00000c2b   Thumb Code    42  rt_list.o(i.rt_get_first)
    rt_init_mem                              0x00000ca5   Thumb Code    28  rt_memory.o(i.rt_init_mem)
    rt_init_robin                            0x00000cc1   Thumb Code    14  rt_robin.o(i.rt_init_robin)
    rt_init_stack                            0x00000cd9   Thumb Code   106  hal_cm.o(i.rt_init_stack)
    rt_mbx_check                             0x00000d51   Thumb Code     8  rt_mailbox.o(i.rt_mbx_check)
    rt_mbx_init                              0x00000d59   Thumb Code    30  rt_mailbox.o(i.rt_mbx_init)
    rt_mbx_psh                               0x00000d7d   Thumb Code   204  rt_mailbox.o(i.rt_mbx_psh)
    rt_mbx_wait                              0x00000e4d   Thumb Code   170  rt_mailbox.o(i.rt_mbx_wait)
    rt_pop_req                               0x00000f41   Thumb Code   100  rt_system.o(i.rt_pop_req)
    rt_psh_req                               0x00000fb1   Thumb Code    24  rt_system.o(i.rt_psh_req)
    rt_psq_enq                               0x00000fd1   Thumb Code    60  rt_list.o(i.rt_psq_enq)
    rt_put_dly                               0x00001011   Thumb Code    74  rt_list.o(i.rt_put_dly)
    rt_put_prio                              0x00001061   Thumb Code    60  rt_list.o(i.rt_put_prio)
    rt_put_rdy_first                         0x0000109d   Thumb Code    14  rt_list.o(i.rt_put_rdy_first)
    rt_resort_prio                           0x000010b1   Thumb Code    44  rt_list.o(i.rt_resort_prio)
    rt_ret_val                               0x000010e1   Thumb Code     6  hal_cm.o(i.rt_ret_val)
    rt_ret_val2                              0x000010e7   Thumb Code     8  hal_cm.o(i.rt_ret_val2)
    rt_rmv_dly                               0x000010ef   Thumb Code    42  rt_list.o(i.rt_rmv_dly)
    rt_rmv_list                              0x00001119   Thumb Code    46  rt_list.o(i.rt_rmv_list)
    rt_sem_psh                               0x0000114d   Thumb Code    48  rt_semaphore.o(i.rt_sem_psh)
    rt_stk_check                             0x00001181   Thumb Code    30  rt_system.o(i.rt_stk_check)
    rt_switch_req                            0x000011a9   Thumb Code    10  rt_task.o(i.rt_switch_req)
    rt_sys_init                              0x000011b9   Thumb Code   134  rt_task.o(i.rt_sys_init)
    rt_sys_start                             0x00001281   Thumb Code    82  rt_task.o(i.rt_sys_start)
    rt_systick                               0x000012e5   Thumb Code    48  rt_system.o(i.rt_systick)
    rt_tsk_create                            0x0000136d   Thumb Code   106  rt_task.o(i.rt_tsk_create)
    rt_tsk_delete                            0x000013e5   Thumb Code   318  rt_task.o(i.rt_tsk_delete)
    rt_tsk_prio                              0x0000153d   Thumb Code   112  rt_task.o(i.rt_tsk_prio)
    rt_tsk_self                              0x000015bd   Thumb Code    12  rt_task.o(i.rt_tsk_self)
    svcKernelInitialize                      0x000015cd   Thumb Code    86  rt_cmsis.o(i.svcKernelInitialize)
    svcKernelStart                           0x00001645   Thumb Code    66  rt_cmsis.o(i.svcKernelStart)
    svcMessageCreate                         0x00001691   Thumb Code    42  rt_cmsis.o(i.svcMessageCreate)
    svcMessageGet                            0x000016bb   Thumb Code    60  rt_cmsis.o(i.svcMessageGet)
    svcThreadCreate                          0x000016f9   Thumb Code   102  rt_cmsis.o(i.svcThreadCreate)
    svcThreadGetId                           0x0000176d   Thumb Code    22  rt_cmsis.o(i.svcThreadGetId)
    svcThreadTerminate                       0x00001789   Thumb Code    56  rt_cmsis.o(i.svcThreadTerminate)
    svcTimerCall                             0x000017c5   Thumb Code    28  rt_cmsis.o(i.svcTimerCall)
    sysTimerTick                             0x000017e1   Thumb Code    78  rt_cmsis.o(i.sysTimerTick)
    os_maxtaskrun                            0x00001838   Data           2  rtx_conf_cm.o(.constdata)
    os_stackinfo                             0x0000183c   Data           4  rtx_conf_cm.o(.constdata)
    os_rrobin                                0x00001840   Data           4  rtx_conf_cm.o(.constdata)
    os_tickfreq                              0x00001844   Data           4  rtx_conf_cm.o(.constdata)
    os_tickus_i                              0x00001848   Data           2  rtx_conf_cm.o(.constdata)
    os_tickus_f                              0x0000184a   Data           2  rtx_conf_cm.o(.constdata)
    os_trv                                   0x0000184c   Data           4  rtx_conf_cm.o(.constdata)
    os_flags                                 0x00001850   Data           1  rtx_conf_cm.o(.constdata)
    CMSIS_RTOS_API_Version                   0x00001854   Data           4  rtx_conf_cm.o(.constdata)
    CMSIS_RTOS_RTX_Version                   0x00001858   Data           4  rtx_conf_cm.o(.constdata)
    os_clockrate                             0x0000185c   Data           4  rtx_conf_cm.o(.constdata)
    os_timernum                              0x00001860   Data           4  rtx_conf_cm.o(.constdata)
    mp_tcb_size                              0x00001864   Data           2  rtx_conf_cm.o(.constdata)
    mp_stk_size                              0x00001868   Data           4  rtx_conf_cm.o(.constdata)
    os_stack_sz                              0x0000186c   Data           4  rtx_conf_cm.o(.constdata)
    os_fifo_size                             0x00001870   Data           1  rtx_conf_cm.o(.constdata)
    os_thread_def_osTimerThread              0x00001874   Data          16  rtx_conf_cm.o(.constdata)
    os_messageQ_def_osTimerMessageQ          0x00001884   Data           8  rtx_conf_cm.o(.constdata)
    mp_tmr_size                              0x0000188c   Data           2  rtx_conf_cm.o(.constdata)
    os_thread_def_main                       0x00001890   Data          16  rtx_conf_cm.o(.constdata)
    Region$$Table$$Base                      0x000018a0   Number         0  anon$$obj.o(Region$$Table)
    Region$$Table$$Limit                     0x000018c0   Number         0  anon$$obj.o(Region$$Table)
    check                                    0x1ffff000   Data           4  blinky.o(.data)
    osThreadId_osTimerThread                 0x1ffff004   Data           4  rtx_conf_cm.o(.data)
    osMessageQId_osTimerMessageQ             0x1ffff008   Data           4  rtx_conf_cm.o(.data)
    os_tmr                                   0x1ffff00c   Data           4  rtx_conf_cm.o(.data)
    m_tmr                                    0x1ffff010   Data           4  rtx_conf_cm.o(.data)
    SystemCoreClock                          0x1ffff014   Data           4  system_mkl25z4.o(.data)
    os_initialized                           0x1ffff018   Data           1  rt_cmsis.o(.data)
    os_running                               0x1ffff019   Data           1  rt_cmsis.o(.data)
    os_timer_head                            0x1ffff01c   Data           4  rt_cmsis.o(.data)
    os_tsk                                   0x1ffff020   Data           8  rt_task.o(.data)
    os_tick_irqn                             0x1ffff02c   Data           4  rt_system.o(.data)
    os_time                                  0x1ffff030   Data           4  rt_time.o(.data)
    os_robin                                 0x1ffff034   Data           8  rt_robin.o(.data)
    TxQ                                      0x1ffff03c   Data          44  blinky.o(.bss)
    RxQ                                      0x1ffff068   Data          44  blinky.o(.bss)
    mp_tcb                                   0x1ffff098   Data         220  rtx_conf_cm.o(.bss)
    mp_stk                                   0x1ffff178   Data         616  rtx_conf_cm.o(.bss)
    os_stack_mem                             0x1ffff3e0   Data         432  rtx_conf_cm.o(.bss)
    os_fifo                                  0x1ffff590   Data         132  rtx_conf_cm.o(.bss)
    os_active_TCB                            0x1ffff614   Data          16  rtx_conf_cm.o(.bss)
    os_messageQ_q_osTimerMessageQ            0x1ffff624   Data          32  rtx_conf_cm.o(.bss)
    os_idle_TCB                              0x1ffff644   Data          52  rt_task.o(.bss)
    os_rdy                                   0x1ffff678   Data          24  rt_list.o(.bss)
    os_dly                                   0x1ffff690   Data          24  rt_list.o(.bss)
    __initial_sp                             0x1ffff7a8   Data           0  startup_mkl25z4.o(STACK)



==============================================================================

Memory Map of the image

  Image Entry point : 0x000000c1

  Load Region LR_IROM1 (Base: 0x00000000, Size: 0x000018fc, Max: 0x00020000, ABSOLUTE)

    Execution Region ER_IROM1 (Exec base: 0x00000000, Load base: 0x00000000, Size: 0x000018c0, Max: 0x00020000, ABSOLUTE)

    Exec Addr    Load Addr    Size         Type   Attr      Idx    E Section Name        Object

    0x00000000   0x00000000   0x000000c0   Data   RO          113    RESET               startup_mkl25z4.o
    0x000000c0   0x000000c0   0x00000000   Code   RO         1334  * .ARM.Collect$$$$00000000  mc_p.l(entry.o)
    0x000000c0   0x000000c0   0x00000004   Code   RO         1341    .ARM.Collect$$$$00000001  mc_p.l(entry2.o)
    0x000000c4   0x000000c4   0x00000004   Code   RO         1344    .ARM.Collect$$$$00000004  mc_p.l(entry5.o)
    0x000000c8   0x000000c8   0x00000000   Code   RO         1346    .ARM.Collect$$$$00000008  mc_p.l(entry7b.o)
    0x000000c8   0x000000c8   0x00000000   Code   RO         1348    .ARM.Collect$$$$0000000A  mc_p.l(entry8b.o)
    0x000000c8   0x000000c8   0x00000000   Code   RO         1349    .ARM.Collect$$$$0000000D  mc_p.l(entry10a.o)
    0x000000c8   0x000000c8   0x00000000   Code   RO         1351    .ARM.Collect$$$$0000000F  mc_p.l(entry11a.o)
    0x000000c8   0x000000c8   0x00000018   Code   RO           79    .ARM.Collect$$$$000000FF  rtx_conf_cm.o
    0x000000e0   0x000000e0   0x00000004   Code   RO         1342    .ARM.Collect$$$$00002712  mc_p.l(entry2.o)
    0x000000e4   0x000000e4   0x00000164   Code   RO         1321    .emb_text           RTX_CM0.lib(hal_cm0.o)
    0x00000248   0x00000248   0x00000026   Code   RO           80    .text               rtx_conf_cm.o
    0x0000026e   0x0000026e   0x00000002   PAD
    0x00000270   0x00000270   0x00000028   Code   RO          115    .text               startup_mkl25z4.o
    0x00000298   0x00000298   0x0000002c   Code   RO         1337    .text               mc_p.l(uidiv.o)
    0x000002c4   0x000002c4   0x00000024   Code   RO         1357    .text               mc_p.l(init.o)
    0x000002e8   0x000002e8   0x00000004   Code   RO         1331    SVC_TABLE           RTX_CM0.lib(svc_table.o)
    0x000002ec   0x000002ec   0x0000001c   Code   RO          141    i.__ARM_common_switch8  system_mkl25z4.o
    0x00000308   0x00000308   0x0000000e   Code   RO         1361    i.__scatterload_copy  mc_p.l(handlers.o)
    0x00000316   0x00000316   0x00000002   Code   RO         1362    i.__scatterload_null  mc_p.l(handlers.o)
    0x00000318   0x00000318   0x0000000e   Code   RO         1363    i.__scatterload_zeroinit  mc_p.l(handlers.o)
    0x00000326   0x00000326   0x00000048   Code   RO         1223    i._init_box         RTX_CM0.lib(rt_membox.o)
    0x0000036e   0x0000036e   0x0000002e   Code   RO          151    i.isrMessageGet     RTX_CM0.lib(rt_cmsis.o)
    0x0000039c   0x0000039c   0x00000030   Code   RO          152    i.isrMessagePut     RTX_CM0.lib(rt_cmsis.o)
    0x000003cc   0x000003cc   0x0000000c   Code   RO         1070    i.isr_mbx_send      RTX_CM0.lib(rt_mailbox.o)
    0x000003d8   0x000003d8   0x00000028   Code   RO          156    i.osKernelInitialize  RTX_CM0.lib(rt_cmsis.o)
    0x00000400   0x00000400   0x00000010   Code   RO          114    .ARM.__at_0x400     startup_mkl25z4.o
    0x00000410   0x00000410   0x000002bc   Code   RO            3    .text               blinky.o
    0x000006cc   0x000006cc   0x0000019c   Code   RO          123    .text               system_mkl25z4.o
    0x00000868   0x00000868   0x0000004c   Code   RO         1069    i.isr_mbx_receive   RTX_CM0.lib(rt_mailbox.o)
    0x000008b4   0x000008b4   0x0000006c   Code   RO          158    i.osKernelStart     RTX_CM0.lib(rt_cmsis.o)
    0x00000920   0x00000920   0x0000001c   Code   RO          167    i.osMessageGet      RTX_CM0.lib(rt_cmsis.o)
    0x0000093c   0x0000093c   0x00000034   Code   RO          184    i.osThreadCreate    RTX_CM0.lib(rt_cmsis.o)
    0x00000970   0x00000970   0x00000018   Code   RO          185    i.osThreadExit      RTX_CM0.lib(rt_cmsis.o)
    0x00000988   0x00000988   0x00000010   Code   RO          191    i.osTimerCall       RTX_CM0.lib(rt_cmsis.o)
    0x00000998   0x00000998   0x0000002c   Code   RO          196    i.osTimerThread     RTX_CM0.lib(rt_cmsis.o)
    0x000009c4   0x000009c4   0x0000002c   Code   RO          857    i.os_tick_init      RTX_CM0.lib(rt_system.o)
    0x000009f0   0x000009f0   0x00000002   Code   RO          858    i.os_tick_irqack    RTX_CM0.lib(rt_system.o)
    0x000009f2   0x000009f2   0x0000001e   Code   RO         1224    i.rt_alloc_box      RTX_CM0.lib(rt_membox.o)
    0x00000a10   0x00000a10   0x00000042   Code   RO         1252    i.rt_alloc_mem      RTX_CM0.lib(rt_memory.o)
    0x00000a52   0x00000a52   0x00000002   PAD
    0x00000a54   0x00000a54   0x00000038   Code   RO          772    i.rt_block          RTX_CM0.lib(rt_task.o)
    0x00000a8c   0x00000a8c   0x00000044   Code   RO         1300    i.rt_chk_robin      RTX_CM0.lib(rt_robin.o)
    0x00000ad0   0x00000ad0   0x00000074   Code   RO          993    i.rt_dec_dly        RTX_CM0.lib(rt_list.o)
    0x00000b44   0x00000b44   0x00000040   Code   RO          773    i.rt_dispatch       RTX_CM0.lib(rt_task.o)
    0x00000b84   0x00000b84   0x00000050   Code   RO          950    i.rt_evt_psh        RTX_CM0.lib(rt_event.o)
    0x00000bd4   0x00000bd4   0x00000026   Code   RO         1225    i.rt_free_box       RTX_CM0.lib(rt_membox.o)
    0x00000bfa   0x00000bfa   0x00000030   Code   RO         1253    i.rt_free_mem       RTX_CM0.lib(rt_memory.o)
    0x00000c2a   0x00000c2a   0x0000002a   Code   RO          994    i.rt_get_first      RTX_CM0.lib(rt_list.o)
    0x00000c54   0x00000c54   0x00000008   Code   RO          201    i.rt_id2obj         RTX_CM0.lib(rt_cmsis.o)
    0x00000c5c   0x00000c5c   0x00000048   Code   RO          774    i.rt_init_context   RTX_CM0.lib(rt_task.o)
    0x00000ca4   0x00000ca4   0x0000001c   Code   RO         1254    i.rt_init_mem       RTX_CM0.lib(rt_memory.o)
    0x00000cc0   0x00000cc0   0x00000018   Code   RO         1301    i.rt_init_robin     RTX_CM0.lib(rt_robin.o)
    0x00000cd8   0x00000cd8   0x00000078   Code   RO         1276    i.rt_init_stack     RTX_CM0.lib(hal_cm.o)
    0x00000d50   0x00000d50   0x00000008   Code   RO         1071    i.rt_mbx_check      RTX_CM0.lib(rt_mailbox.o)
    0x00000d58   0x00000d58   0x00000024   Code   RO         1072    i.rt_mbx_init       RTX_CM0.lib(rt_mailbox.o)
    0x00000d7c   0x00000d7c   0x000000d0   Code   RO         1073    i.rt_mbx_psh        RTX_CM0.lib(rt_mailbox.o)
    0x00000e4c   0x00000e4c   0x000000b0   Code   RO         1075    i.rt_mbx_wait       RTX_CM0.lib(rt_mailbox.o)
    0x00000efc   0x00000efc   0x00000044   Code   RO          202    i.rt_ms2tick        RTX_CM0.lib(rt_cmsis.o)
    0x00000f40   0x00000f40   0x00000070   Code   RO          861    i.rt_pop_req        RTX_CM0.lib(rt_system.o)
    0x00000fb0   0x00000fb0   0x00000020   Code   RO          862    i.rt_psh_req        RTX_CM0.lib(rt_system.o)
    0x00000fd0   0x00000fd0   0x00000040   Code   RO          996    i.rt_psq_enq        RTX_CM0.lib(rt_list.o)
    0x00001010   0x00001010   0x00000050   Code   RO          997    i.rt_put_dly        RTX_CM0.lib(rt_list.o)
    0x00001060   0x00001060   0x0000003c   Code   RO          998    i.rt_put_prio       RTX_CM0.lib(rt_list.o)
    0x0000109c   0x0000109c   0x00000014   Code   RO          999    i.rt_put_rdy_first  RTX_CM0.lib(rt_list.o)
    0x000010b0   0x000010b0   0x00000030   Code   RO         1000    i.rt_resort_prio    RTX_CM0.lib(rt_list.o)
    0x000010e0   0x000010e0   0x00000006   Code   RO         1277    i.rt_ret_val        RTX_CM0.lib(hal_cm.o)
    0x000010e6   0x000010e6   0x00000008   Code   RO         1278    i.rt_ret_val2       RTX_CM0.lib(hal_cm.o)
    0x000010ee   0x000010ee   0x0000002a   Code   RO         1001    i.rt_rmv_dly        RTX_CM0.lib(rt_list.o)
    0x00001118   0x00001118   0x00000034   Code   RO         1002    i.rt_rmv_list       RTX_CM0.lib(rt_list.o)
    0x0000114c   0x0000114c   0x00000034   Code   RO         1120    i.rt_sem_psh        RTX_CM0.lib(rt_semaphore.o)
    0x00001180   0x00001180   0x00000028   Code   RO          864    i.rt_stk_check      RTX_CM0.lib(rt_system.o)
    0x000011a8   0x000011a8   0x00000010   Code   RO          775    i.rt_switch_req     RTX_CM0.lib(rt_task.o)
    0x000011b8   0x000011b8   0x000000c8   Code   RO          776    i.rt_sys_init       RTX_CM0.lib(rt_task.o)
    0x00001280   0x00001280   0x00000064   Code   RO          777    i.rt_sys_start      RTX_CM0.lib(rt_task.o)
    0x000012e4   0x000012e4   0x0000003c   Code   RO          866    i.rt_systick        RTX_CM0.lib(rt_system.o)
    0x00001320   0x00001320   0x00000012   Code   RO          203    i.rt_tid2ptcb       RTX_CM0.lib(rt_cmsis.o)
    0x00001332   0x00001332   0x00000002   PAD
    0x00001334   0x00001334   0x00000038   Code   RO          204    i.rt_timer_insert   RTX_CM0.lib(rt_cmsis.o)
    0x0000136c   0x0000136c   0x00000078   Code   RO          778    i.rt_tsk_create     RTX_CM0.lib(rt_task.o)
    0x000013e4   0x000013e4   0x00000158   Code   RO          779    i.rt_tsk_delete     RTX_CM0.lib(rt_task.o)
    0x0000153c   0x0000153c   0x00000080   Code   RO          781    i.rt_tsk_prio       RTX_CM0.lib(rt_task.o)
    0x000015bc   0x000015bc   0x00000010   Code   RO          782    i.rt_tsk_self       RTX_CM0.lib(rt_task.o)
    0x000015cc   0x000015cc   0x00000078   Code   RO          207    i.svcKernelInitialize  RTX_CM0.lib(rt_cmsis.o)
    0x00001644   0x00001644   0x0000004c   Code   RO          209    i.svcKernelStart    RTX_CM0.lib(rt_cmsis.o)
    0x00001690   0x00001690   0x0000002a   Code   RO          212    i.svcMessageCreate  RTX_CM0.lib(rt_cmsis.o)
    0x000016ba   0x000016ba   0x0000003c   Code   RO          213    i.svcMessageGet     RTX_CM0.lib(rt_cmsis.o)
    0x000016f6   0x000016f6   0x00000002   PAD
    0x000016f8   0x000016f8   0x00000074   Code   RO          227    i.svcThreadCreate   RTX_CM0.lib(rt_cmsis.o)
    0x0000176c   0x0000176c   0x0000001c   Code   RO          228    i.svcThreadGetId    RTX_CM0.lib(rt_cmsis.o)
    0x00001788   0x00001788   0x0000003c   Code   RO          231    i.svcThreadTerminate  RTX_CM0.lib(rt_cmsis.o)
    0x000017c4   0x000017c4   0x0000001c   Code   RO          233    i.svcTimerCall      RTX_CM0.lib(rt_cmsis.o)
    0x000017e0   0x000017e0   0x00000058   Code   RO          242    i.sysTimerTick      RTX_CM0.lib(rt_cmsis.o)
    0x00001838   0x00001838   0x00000068   Data   RO           82    .constdata          rtx_conf_cm.o
    0x000018a0   0x000018a0   0x00000020   Data   RO         1359    Region$$Table       anon$$obj.o


    Execution Region RW_IRAM1 (Exec base: 0x1ffff000, Load base: 0x000018c0, Size: 0x000007a8, Max: 0x00004000, ABSOLUTE)

    Exec Addr    Load Addr    Size         Type   Attr      Idx    E Section Name        Object

    0x1ffff000   0x000018c0   0x00000004   Data   RW            5    .data               blinky.o
    0x1ffff004   0x000018c4   0x00000010   Data   RW           83    .data               rtx_conf_cm.o
    0x1ffff014   0x000018d4   0x00000004   Data   RW          124    .data               system_mkl25z4.o
    0x1ffff018   0x000018d8   0x00000008   Data   RW          245    .data               RTX_CM0.lib(rt_cmsis.o)
    0x1ffff020   0x000018e0   0x00000008   Data   RW          784    .data               RTX_CM0.lib(rt_task.o)
    0x1ffff028   0x000018e8   0x00000008   Data   RW          869    .data               RTX_CM0.lib(rt_system.o)
    0x1ffff030   0x000018f0   0x00000004   Data   RW         1163    .data               RTX_CM0.lib(rt_time.o)
    0x1ffff034   0x000018f4   0x00000008   Data   RW         1302    .data               RTX_CM0.lib(rt_robin.o)
    0x1ffff03c        -       0x00000058   Zero   RW            4    .bss                blinky.o
    0x1ffff094   0x000018fc   0x00000004   PAD
    0x1ffff098        -       0x000005ac   Zero   RW           81    .bss                rtx_conf_cm.o
    0x1ffff644        -       0x00000034   Zero   RW          783    .bss                RTX_CM0.lib(rt_task.o)
    0x1ffff678        -       0x00000030   Zero   RW         1003    .bss                RTX_CM0.lib(rt_list.o)
    0x1ffff6a8        -       0x00000100   Zero   RW          111    STACK               startup_mkl25z4.o


==============================================================================

Image component sizes


      Code (inc. data)   RO Data    RW Data    ZI Data      Debug   Object Name

       700         40          0          4         88     227858   blinky.o
        62          6        104         16       1452       7594   rtx_conf_cm.o
        56         30        192          0        256       1000   startup_mkl25z4.o
       440         40          0          4          0       1421   system_mkl25z4.o

    ----------------------------------------------------------------------
      1260        116        328         24       1800     237873   Object Totals
         0          0         32          0          0          0   (incl. Generated)
         2          0          0          0          4          0   (incl. Padding)

    ----------------------------------------------------------------------

      Code (inc. data)   RO Data    RW Data    ZI Data      Debug   Library Member Name

       134         14          0          0          0       1667   hal_cm.o
       356         40          0          0          0        832   hal_cm0.o
      1174        140          0          8          0      31081   rt_cmsis.o
        80          6          0          0          0        621   rt_event.o
       524         34          0          0         48       7997   rt_list.o
       516         16          0          0          0       3789   rt_mailbox.o
       140          0          0          0          0       1937   rt_membox.o
       142          0          0          0          0       2283   rt_memory.o
        92         22          0          8          0       1102   rt_robin.o
        52          4          0          0          0        545   rt_semaphore.o
       290         54          0          8          0       5967   rt_system.o
      1116        178          0          8         52       9169   rt_task.o
         0          0          0          4          0        210   rt_time.o
         4          4          0          0          0        200   svc_table.o
         0          0          0          0          0          0   entry.o
         0          0          0          0          0          0   entry10a.o
         0          0          0          0          0          0   entry11a.o
         8          4          0          0          0          0   entry2.o
         4          0          0          0          0          0   entry5.o
         0          0          0          0          0          0   entry7b.o
         0          0          0          0          0          0   entry8b.o
        30          0          0          0          0          0   handlers.o
        36          8          0          0          0         68   init.o
        44          0          0          0          0         72   uidiv.o

    ----------------------------------------------------------------------
      4748        524          0         36        100      67540   Library Totals
         6          0          0          0          0          0   (incl. Padding)

    ----------------------------------------------------------------------

      Code (inc. data)   RO Data    RW Data    ZI Data      Debug   Library Name

      4620        512          0         36        100      67400   RTX_CM0.lib
       122         12          0          0          0        140   mc_p.l

    ----------------------------------------------------------------------
      4748        524          0         36        100      67540   Library Totals

    ----------------------------------------------------------------------

==============================================================================


      Code (inc. data)   RO Data    RW Data    ZI Data      Debug   

      6008        640        328         60       1900     302565   Grand Totals
      6008        640        328         60       1900     302565   ELF Image Totals
      6008        640        328         60          0          0   ROM Totals

==============================================================================

    Total RO  Size (Code + RO Data)                 6336 (   6.19kB)
    Total RW  Size (RW Data + ZI Data)              1960 (   1.91kB)
    Total ROM Size (Code + RO Data + RW Data)       6396 (   6.25kB)

==============================================================================

